WATCOM Linker Version 10.6
Copyright by WATCOM International Corp. 1985, 1996. All rights reserved.
Created on:       96/04/15 15:43:24
Executable Image: palmaker.exe
creating a DOS/4G executable


                        +------------+
                        |   Groups   |
                        +------------+

Group                           Address              Size
=====                           =======              ====

DGROUP                          0002:00000000        000044b0



                        +--------------+
                        |   Segments   |
                        +--------------+

Segment                Class          Group          Address         Size
=======                =====          =====          =======         ====

BEGTEXT                CODE                          0001:00000000   00000010
_TEXT                  CODE                          0001:00000010   0000e22d
_NULL                  BEGDATA        DGROUP         0002:00000000   00000004
_AFTERNULL             BEGDATA        DGROUP         0002:00000004   00000000
CONST                  DATA           DGROUP         0002:00000004   00000630
CONST2                 DATA           DGROUP         0002:00000634   000003d4
_DATA                  DATA           DGROUP         0002:00000a08   000022f8
XIB                    DATA           DGROUP         0002:00002d00   00000000
XI                     DATA           DGROUP         0002:00002d00   00000048
XIE                    DATA           DGROUP         0002:00002d48   00000000
TIB                    DATA           DGROUP         0002:00002d48   00000000
TI                     DATA           DGROUP         0002:00002d48   00000000
TIE                    DATA           DGROUP         0002:00002d48   00000000
YIB                    DATA           DGROUP         0002:00002d48   00000000
YI                     DATA           DGROUP         0002:00002d48   00000012
YIE                    DATA           DGROUP         0002:00002d5a   00000000
DATA                   DATA           DGROUP         0002:00002d5a   00000000
DATA32                 DATA           DGROUP         0002:00002d5c   0000011c
CONST32                CONST          DGROUP         0002:00002e78   00000000
_BSS                   BSS            DGROUP         0002:00002e78   0000062c
BSS32                  BSS            DGROUP         0002:000034a4   00000000
STACK                  STACK          DGROUP         0002:000034b0   00001000


                        +----------------+
                        |   Memory Map   |
                        +----------------+

* = unreferenced symbol
+ = symbol only referenced locally

Address        Symbol
=======        ======

Module: palmaker.obj(C:\GKIT\utilsrc\palmaker.cpp)
0001:00000010  main_
Module: C:\WATCOM\lib386\plib3r.lib(ifsconde)
0001:000004b4  near ifstream::ifstream()
Module: C:\WATCOM\lib386\plib3r.lib(undefed)
0001:00000524  __wcpp_2_undefed_cdtor__
Module: C:\WATCOM\lib386\plib3r.lib(ifsdestr)
0001:00000538  near ifstream::~ifstream()
Module: C:\WATCOM\lib386\plib3r.lib(ofsconde)
0001:000005c0  near ofstream::ofstream()
Module: C:\WATCOM\lib386\plib3r.lib(ofsdestr)
0001:00000630  near ofstream::~ofstream()
Module: C:\WATCOM\lib386\plib3r.lib(ioicout)
0002:00002eb0  ostream near cout
0001:00000716+ near cout_initfini::cout_initfini()
0001:0000071e+ near cout_initfini::~cout_initfini()
Module: C:\WATCOM\lib386\plib3r.lib(ostincch)
0001:00000730  ostream near & near ostream::operator <<( char const near * )
Module: C:\WATCOM\lib386\plib3r.lib(flfoprot)
0002:000006ec  int const near filebuf::openprot
Module: C:\WATCOM\lib386\plib3r.lib(fsbopen)
0001:000007c0  void near fstreambase::open( char const near *, int, int )
Module: C:\WATCOM\lib386\dos\clib3r.lib(time)
0001:00000809  time_
Module: C:\WATCOM\lib386\dos\clib3r.lib(asctime)
0001:0000086b+ _asctime_
0001:00000958* _ctime_
0001:00000971  ctime_
0001:00000976* asctime_
Module: C:\WATCOM\lib386\plib3r.lib(istgch)
0001:00000984  istream near & near istream::get( char near & )
Module: C:\WATCOM\lib386\plib3r.lib(fsbclose)
0001:00000a0c  void near fstreambase::close()
Module: C:\WATCOM\lib386\dos\graph.lib(textposr)
0001:00000a3d  _gettextposition_
0001:00000a6f  _settextposition_
Module: C:\WATCOM\lib386\plib3r.lib(ostincha)
0001:00000b08  ostream near & near ostream::operator <<( char )
Module: C:\WATCOM\lib386\math387r.lib(fchop)
0001:00000bc0  __CHP
Module: C:\WATCOM\lib386\plib3r.lib(ostinslo)
0001:00000be0  ostream near & near ostream::operator <<( long )
Module: C:\WATCOM\lib386\plib3r.lib(ostput)
0001:00000ccc  ostream near & near ostream::put( char )
Module: C:\WATCOM\lib386\dos\clib3r.lib(cstrt386)
0001:00000003* ___begtext
0002:00000000* __nullarea
0002:00000a14  __GDAptr
0002:00000a18  __D16Infoseg
0002:00000a1a  __x386_zero_base_selector
0001:00000d6c  _cstart_
0001:00000ffb  __exit_
0001:00000ffd  __do_exit_with_msg__
0001:00001038  __GETDS
0001:00001038  ___GETDSStart_
0001:00001043  ___GETDSEnd_
Module: C:\WATCOM\lib386\dos\clib3r.lib(fltused)
0000:00000000  _fltused_
Module: C:\WATCOM\lib386\dos\emu387.lib(386inite)
0001:00001049* __fini_387_emulator
0001:00001044  __init_387_emulator
Module: C:\WATCOM\lib386\dos\clib3r.lib(_8087386)
0002:00000a1c  __8087
0002:00000a1d  __real87
Module: C:\WATCOM\lib386\dos\clib3r.lib(argcv386)
0002:00000a20  __argc
0002:00000a20* ___argc
0002:00000a24  __argv
0002:00000a24* ___argv
Module: C:\WATCOM\lib386\plib3r.lib(iosconde)
0001:00001050  near ios::ios()
Module: C:\WATCOM\lib386\plib3r.lib(fsbconde)
0001:00001058  near fstreambase::fstreambase()
Module: C:\WATCOM\lib386\plib3r.lib(istconde)
0001:000010b8  near istream::istream()
Module: C:\WATCOM\lib386\plib3r.lib(fatalerr)
0001:0000110c  __wcpp_2_fatal_runtime_error__
Module: C:\WATCOM\lib386\plib3r.lib(dtorarst)
0001:0000112c  __wcpp_2_dtor_array_store__
Module: C:\WATCOM\lib386\plib3r.lib(opdelarr)
0001:0000114c  void near operator delete []( void near * )
Module: C:\WATCOM\lib386\plib3r.lib(istdestr)
0001:00001154  near istream::~istream()
Module: C:\WATCOM\lib386\plib3r.lib(fsbdestr)
0001:000011b8  near fstreambase::~fstreambase()
Module: C:\WATCOM\lib386\plib3r.lib(iosdestr)
0001:0000122c  near ios::~ios()
Module: C:\WATCOM\lib386\plib3r.lib(opdel)
0001:00001264  void near operator delete( void near * )
Module: C:\WATCOM\lib386\plib3r.lib(ostconde)
0001:00001270  near ostream::ostream()
Module: C:\WATCOM\lib386\plib3r.lib(ostdestr)
0001:000012b0  near ostream::~ostream()
Module: C:\WATCOM\lib386\plib3r.lib(sdfdestr)
0001:00001314  near stdiobuf::~stdiobuf()
Module: C:\WATCOM\lib386\plib3r.lib(sdfconde)
0001:00001370  near stdiobuf::stdiobuf()
Module: C:\WATCOM\lib386\plib3r.lib(ostcoost)
0001:00001380  near ostream::ostream( ostream const near & )
Module: C:\WATCOM\lib386\plib3r.lib(stabmod)
0001:000013d0  __wcpp_2_module_dtor__
0001:00001447  __wcpp_2_mod_register__
0002:00002d1e* rt_init __based("XI") __wcpp_2_data_stab_init_mod_
Module: C:\WATCOM\lib386\dos\clib3r.lib(iobaddr)
0001:00001457  __get_std_stream_
Module: C:\WATCOM\lib386\plib3r.lib(sdfconfp)
0001:00001478  near stdiobuf::stdiobuf( __iobuf near * )
Module: C:\WATCOM\lib386\plib3r.lib(ostconsf)
0001:00001488  near ostream::ostream( streambuf near * )
Module: C:\WATCOM\lib386\plib3r.lib(ostflush)
0001:000014d4  ostream near & near ostream::flush()
Module: C:\WATCOM\lib386\plib3r.lib(moddtorr)
0002:00002d4e  ___wcpp_2_data_module_dtor_ref_
Module: C:\WATCOM\lib386\plib3r.lib(ostopfx)
0001:00001518  int near ostream::do_opfx()
Module: C:\WATCOM\lib386\plib3r.lib(iouwrtit)
0001:0000156c  int near __WATCOM_ios::writeitem( ostream near &, char const near *, int, int )
Module: C:\WATCOM\lib386\plib3r.lib(iossetst)
0001:00001890  void near ios::setstate( int )
Module: C:\WATCOM\lib386\plib3r.lib(flfopen)
0001:000018ac  filebuf near * near filebuf::open( char const near *, int, int )
Module: C:\WATCOM\lib386\plib3r.lib(iosclear)
0001:00001940  int near ios::clear( int )
Module: C:\WATCOM\lib386\dos\clib3r.lib(gtctm)
0001:00001954  __getctime_
Module: C:\WATCOM\lib386\dos\clib3r.lib(mktime)
0001:00001a17  mktime_
Module: C:\WATCOM\lib386\dos\clib3r.lib(localtim)
0001:00001b6b  _localtime_
0001:00001bbc  localtime_
Module: C:\WATCOM\lib386\plib3r.lib(pure_err)
0001:00001bc9  __wcpp_2_pure_error__
Module: C:\WATCOM\lib386\plib3r.lib(istdipfx)
0001:00001bf0  int near istream::do_ipfx( int )
Module: C:\WATCOM\lib386\plib3r.lib(istdoget)
0001:00001c78  istream near & near istream::do_get( char near & )
Module: C:\WATCOM\lib386\plib3r.lib(flfclose)
0001:00001cdc  filebuf near * near filebuf::close()
Module: C:\WATCOM\lib386\dos\graph.lib(getconfr)
0001:00001d18* _getvideoconfig_
0001:00001d3a+ _CalcNumPages_
0001:00001daf+ _GetState_
0001:00001edb  _InitState_
0001:00001f64* _GrInit_
Module: C:\WATCOM\lib386\dos\graph.lib(globalr)
0002:00002f2c* __SetVGAPage
0002:00002f30  __Screen
0002:00002f3c  __TextPos
0002:00002f40  __ConfigBuffer
0002:00002f7a  __DBCSPairs
0002:00002f84  __SVGAType
0002:00002f86  __StackSeg
0002:00002f88  __DefMode
0002:00002f8a  __DefTextRows
0002:00002f8c  __CursorShape
0002:00002f8e  __Tx_Col_Min
0002:00002f90  __Tx_Row_Max
0002:00000a8c  __StartUp
0002:00000a8d  __GrMode
0002:00000a8e  __ErrorStatus
0002:00000a90* __CurrPos
0002:00000a94* __LogOrg
0002:00000a98* __Clipping
0002:00000a99* __CharAttr
0002:00000a9a* __Wrap
0002:00000a9c  __CursState
0002:00000a9e  __GrCursor
0002:00000aa0  __CurrActivePage
0002:00000aa2* __CurrVisualPage
0002:00000aa4* __CurrBkColor
0002:00000aa8  __CurrColor
0002:00000aaa* __Palette
0002:00000aac* __FillMask
0002:00000ab4* __DefMask
0002:00000abc* __HaveMask
0002:00000abd* __Transparent
0002:00000abf* __PaRf_x
0002:00000ac1* __PaRf_y
0002:00000ac3  __LineStyle
0002:00000ac5* __StyleWrap
0002:00000ac7  __PlotAct
0002:00000ac9* __TextSettings
0002:00000ad9* __CurrFont
0002:00000add* __ArcInfo
0002:00000afd* __CurrPos_w
0002:00000b0d* __Window
0002:00000b1f  __BiosSeg
0002:00000b21  __MonoSeg
0002:00000b23  __CgaSeg
0002:00000b25  __EgaSeg
0002:00000b27  __RomSeg
0002:00000b29  __BiosOff
0002:00000b2d  __MonoOff
0002:00000b31  __CgaOff
0002:00000b35  __EgaOff
0002:00000b39  __RomOff
0002:00000b3d* __CurrState
0002:00002f92  __Tx_Col_Max
0002:00002f94  __Tx_Row_Min
0002:00002f96* __VGAPage
0002:00002f97* __VGAGran
0002:00002f98  __IsDBCS
Module: C:\WATCOM\lib386\dos\graph.lib(cursorr)
0001:00001fd5  _CursorOn_
0001:00002003  _CursorOff_
Module: C:\WATCOM\lib386\dos\graph.lib(devutilsr)
0001:00002130  _GraphMode_
0001:00002154* _GrProlog_
0001:00002178  _GrEpilog_
0001:00002189* _InitDevice_
0001:00002195* _FiniDevice_
0001:0000219e  _StartDevice_
0001:000021a7  _ResetDevice_
Module: C:\WATCOM\lib386\plib3r.lib(ostdlshf)
0001:000021b0  ostream near & near ostream::do_lshift( char )
Module: C:\WATCOM\lib386\plib3r.lib(ioufgtba)
0001:000021e8  int near __FlagsToBase( long )
Module: C:\WATCOM\lib386\plib3r.lib(ostinulo)
0001:0000220c  ostream near & near ostream::operator <<( long unsigned )
Module: C:\WATCOM\lib386\dos\clib3r.lib(ltoa)
0001:00002351  ultoa_
0001:0000239b  ltoa_
0001:0000239b* _ltoa_
Module: C:\WATCOM\lib386\dos\clib3r.lib(cmain386)
0001:000023b6  __CMain
Module: C:\WATCOM\lib386\dos\clib3r.lib(inirt386)
0001:00002406  __InitRtns
0001:00002451  __FiniRtns
Module: C:\WATCOM\lib386\dos\clib3r.lib(seg386)
0000:00001234  __DOSseg__
Module: C:\WATCOM\lib386\dos\clib3r.lib(crwd386)
0002:00000b54  __psp
0002:00000b7f  __osmajor
0002:00000b80  __osminor
0002:00000b76  __Extender
0002:00000b77  __ExtenderSubtype
0002:00000b78  __X32VM
0002:00000b58* __x386_stacklow
0002:00000b4c  __LpCmdLine
0002:00000b50  __LpPgmName
0002:00000b44  __dynend
0002:00000b48  __curbrk
0002:00000b58  __STACKLOW
0002:00000b5c  __STACKTOP
0002:00000b60  __ASTACKSIZ
0002:00000b64  __ASTACKPTR
0002:00000b68  __cbyte
0002:00000b6c* __cbyte2
0002:00000b70  __child
0002:00000b79  __Envptr
0002:00000b7d  __Envseg
0002:00000b74  __no87
0002:00000b81  __FPE_handler
0002:00000b81  ___FPE_handler
Module: C:\WATCOM\lib386\dos\clib3r.lib(setefg)
0001:000024a1  __setEFGfmt_
Module: C:\WATCOM\lib386\math387r.lib(dosinite)
0001:000024bc  __sys_init_387_emulator
0001:00002641  __sys_fini_387_emulator
Module: C:\WATCOM\lib386\dos\clib3r.lib(chk8087)
0001:00002720+ __init_8087_
0001:00002751* _fpreset_
0001:0000275b  __chk8087_
Module: C:\WATCOM\lib386\dos\clib3r.lib(initargv)
0001:000027a5  __Init_Argv_
Module: C:\WATCOM\lib386\plib3r.lib(flfconde)
0001:00002978  near filebuf::filebuf()
Module: C:\WATCOM\lib386\plib3r.lib(iosinit)
0001:0000298c  void near ios::init( streambuf near * )
Module: C:\WATCOM\lib386\dos\clib3r.lib(enterdb)
0001:000029d6  __EnterWVIDEO_
0002:00000bd4+ ___WD_Present
Module: C:\WATCOM\lib386\dos\clib3r.lib(xmsg)
0001:000029fc  __exit_with_msg_
0001:00002a01  __fatal_runtime_error_
Module: C:\WATCOM\lib386\plib3r.lib(stabadt)
0001:00002a20  __wcpp_2_dtor_array__
Module: C:\WATCOM\lib386\plib3r.lib(istcoist)
0001:00002a50  near istream::istream( istream const near & )
Module: C:\WATCOM\lib386\plib3r.lib(flfdestr)
0001:00002ab4  near filebuf::~filebuf()
Module: C:\WATCOM\lib386\plib3r.lib(ioscoios)
0001:00002b1c  near ios::ios( ios const near & )
Module: C:\WATCOM\lib386\plib3r.lib(ioufrxal)
0001:00002b64  void near __WATCOM_ios::free_xalloc_storage( ios near * )
Module: C:\WATCOM\lib386\dos\clib3r.lib(nfree)
0001:00002b79  _nfree_
0001:00002b79  free_
0002:00002f9c  ___MiniHeapFreeRover
Module: C:\WATCOM\lib386\plib3r.lib(stfdsgtn)
0001:00002bfc  int near streambuf::do_sgetn( char near *, int )
Module: C:\WATCOM\lib386\plib3r.lib(vfun_err)
0001:00002c71  __wcpp_2_undef_vfun__
Module: C:\WATCOM\lib386\plib3r.lib(stfdspun)
0001:00002c98  int near streambuf::do_sputn( char const near *, int )
Module: C:\WATCOM\lib386\plib3r.lib(stfpbfai)
0001:00002d34  int near streambuf::pbackfail( int )
Module: C:\WATCOM\lib386\plib3r.lib(sdfoverf)
0001:00002d3c  int near stdiobuf::overflow( int )
Module: C:\WATCOM\lib386\plib3r.lib(sdfundrf)
0001:00002eb0  int near stdiobuf::underflow()
Module: C:\WATCOM\lib386\plib3r.lib(stfsbuf)
0001:00002fb4  streambuf near * near streambuf::setbuf( char near *, int )
Module: C:\WATCOM\lib386\plib3r.lib(stfseeko)
0001:00002ffc  long near streambuf::seekoff( long, int, int )
Module: C:\WATCOM\lib386\plib3r.lib(stfseekp)
0001:00003004  long near streambuf::seekpos( long, int )
Module: C:\WATCOM\lib386\plib3r.lib(sdfsync)
0001:00003014  int near stdiobuf::sync()
Module: C:\WATCOM\lib386\plib3r.lib(stfdoall)
0001:00003044  int near streambuf::doallocate()
Module: C:\WATCOM\lib386\plib3r.lib(stfdestr)
0001:00003080  near streambuf::~streambuf()
Module: C:\WATCOM\lib386\plib3r.lib(stfconde)
0001:0000309c  near streambuf::streambuf()
Module: C:\WATCOM\lib386\plib3r.lib(cppdata)
0002:00002fa0  __wint_thread_data
0002:00002fc0* ___wcpp_2_data_catch_completed_
0002:00002fc4  ___wcpp_2_data_dtreg_vfptrs_
0002:00002fd8* __compiled_under_generic
Module: C:\WATCOM\lib386\plib3r.lib(prwdata)
0002:00000bd8  __wint_pure_error_flag
0002:00000bda  __wint_undef_vfun_flag
0002:00000bdc  __wint_module_init
Module: C:\WATCOM\lib386\plib3r.lib(stabdtor)
0001:000032ac  __wcpp_2_destruct_internal__
0001:000032b6  __wcpp_2_destruct_all__
0001:000032b8* __wcpp_2_destruct__
0001:000032ca* __wcpp_2_destruct_after_all__
0001:000032cc* __wcpp_2_destruct_after__
Module: C:\WATCOM\lib386\dos\clib3r.lib(iob)
0002:00000be0  ___iob
0002:00000de8* ___tmpfnext
0002:00000de9  __fmode
0002:00002fdc  ___ClosedStreams
Module: C:\WATCOM\lib386\dos\clib3r.lib(flush)
0001:000032db  __flush_
Module: C:\WATCOM\lib386\plib3r.lib(opnewarr)
0001:000033b4  void near * near operator new []( int unsigned )
Module: C:\WATCOM\lib386\dos\clib3r.lib(set386)
0001:000033c0  memset_
Module: C:\WATCOM\lib386\plib3r.lib(iosfail)
0001:000033d8  near ios::failure::failure( int )
Module: C:\WATCOM\lib386\dos\clib3r.lib(plusopen)
0001:000033dc  __plusplus_open_
Module: C:\WATCOM\lib386\dos\clib3r.lib(timeutil)
0001:00003460  __leapyear_
0001:000035b4  __isindst_
0002:00000834  ___diyr
0002:0000084e  ___dilyr
Module: C:\WATCOM\lib386\dos\clib3r.lib(gmtime)
0001:000038a7  __brktime_
0001:000039bc+ _gmtime_
0001:000039da* gmtime_
Module: C:\WATCOM\lib386\dos\clib3r.lib(tzset)
0002:00000df4  ___start_dst
0002:00000e18  ___end_dst
0002:00000e3c  _timezone
0002:00000e40  ___dst_adjust
0002:00000e44+ _daylight
0002:00000e86  _tzname
0001:000039e7* __CacheOSTZ_
0001:00003a53  tzset_
0001:00003a61* __parse_tz_
Module: C:\WATCOM\lib386\plib3r.lib(manws)
0001:00003e3c+ istream near & near operator >>( istream near &, <long near >::smanip const near & )
0001:00003e24+ istream near & near operator >>( istream near &, <int near >::smanip const near & )
0001:00003e0c+ ostream near & near operator <<( ostream near &, <long near >::smanip const near & )
0001:00003df4+ ostream near & near operator <<( ostream near &, <int near >::smanip const near & )
0001:00003db8  istream near & near ws( istream near & )
Module: C:\WATCOM\lib386\dos\clib3r.lib(close)
0001:00003e53  close_
Module: C:\WATCOM\lib386\dos\graph.lib(sysmtyper)
0001:00003e73  _SysMonType_
Module: C:\WATCOM\lib386\dos\graph.lib(seginitr)
0001:0000412c  _InitSegments_
Module: C:\WATCOM\lib386\dos\graph.lib(std)
0002:00000e94  __StdFont
Module: C:\WATCOM\lib386\dos\graph.lib(plotactnr)
0001:00004230+ _getplotaction_
0001:0000425c  _setplotaction_
Module: C:\WATCOM\lib386\dos\graph.lib(l1liner)
0001:000042ad  _L1SLine_
0001:000042ee* _L1Line_
Module: C:\WATCOM\lib386\dos\graph.lib(colorr)
0001:0000446f* _getcolor_
0001:00004476  _setcolor_
0001:00004494+ _L2setcolor_
Module: C:\WATCOM\lib386\plib3r.lib(ostadpre)
0001:000044b4  void near __AddPrefix( char, char near *, int near &, int, long )
Module: C:\WATCOM\lib386\dos\clib3r.lib(strupr)
0001:000044ff  strupr_
0001:000044ff* _strupr_
Module: C:\WATCOM\lib386\dos\clib3r.lib(stack386)
0001:00004524  stackavail_
Module: C:\WATCOM\lib386\dos\clib3r.lib(cinit)
0001:0000452d  __CommonInit_
Module: C:\WATCOM\lib386\dos\clib3r.lib(___argc)
0002:00003004  ____Argc
0002:00003008  ____Argv
Module: C:\WATCOM\lib386\dos\clib3r.lib(exit)
0001:00004596  __null_int23_exit_
0001:00004597  exit_
0001:000045af+ _exit_
0002:000018bc+ ___atexit
0002:000018c0  ___int23_exit
0002:000018c4  ___FPE_handler_exit
Module: C:\WATCOM\lib386\dos\clib3r.lib(efgfmt)
0001:000045c5  _EFG_Format_
Module: C:\WATCOM\lib386\math387r.lib(cnvs2d)
0001:0000470e  __cnvs2d_
Module: C:\WATCOM\lib386\dos\clib3r.lib(noefgfmt)
0002:000018c8  ___EFG_printf
0002:000018cc  ___EFG_scanf
Module: C:\WATCOM\lib386\dos\emu387.lib(emu387)
0001:00004acc* __int7_X32VM
0001:00004b18  __int7
0001:00004aa8  __int7_pl3
Module: C:\WATCOM\lib386\dos\clib3r.lib(hook387)
0001:00007956  __hook387
0001:00007a2a  __unhook387
Module: C:\WATCOM\lib386\dos\clib3r.lib(8087cw)
0002:00001950  __8087cw
Module: C:\WATCOM\lib386\dos\clib3r.lib(save8087)
0002:00001954  ___Save8087
0002:00001958  ___Rest8087
Module: C:\WATCOM\lib386\dos\clib3r.lib(ini87386)
0001:00007a84  __init_80x87
Module: C:\WATCOM\lib386\dos\clib3r.lib(nmalloc)
0001:00007aab  _nmalloc_
0001:00007aab  malloc_
0002:0000195c  ___nheapbeg
0002:00001960  ___MiniHeapRover
0002:00001964  ___LargestSizeB4MiniHeapRover
Module: C:\WATCOM\lib386\dos\clib3r.lib(histsplt)
0002:0000308c  ___historical_splitparms
Module: C:\WATCOM\lib386\plib3r.lib(flfpbfai)
0001:00007b90  int near filebuf::pbackfail( int )
Module: C:\WATCOM\lib386\plib3r.lib(flfoverf)
0001:00007c54  int near filebuf::overflow( int )
Module: C:\WATCOM\lib386\plib3r.lib(flfundrf)
0001:00007df0  int near filebuf::underflow()
Module: C:\WATCOM\lib386\plib3r.lib(flfsetbf)
0001:00007ed4  streambuf near * near filebuf::setbuf( char near *, int )
Module: C:\WATCOM\lib386\plib3r.lib(flfseeko)
0001:00007f24  long near filebuf::seekoff( long, int, int )
Module: C:\WATCOM\lib386\plib3r.lib(flfsync)
0001:00007f7c  int near filebuf::sync()
Module: C:\WATCOM\lib386\plib3r.lib(stabarr)
0001:00008041  __wcpp_2_arr_register__
0002:00002d24* rt_init __based("XI") __wcpp_2_data_stab_init_arr_
Module: C:\WATCOM\lib386\dos\clib3r.lib(liballoc)
0001:00008071  _plib_malloc_
0001:00008076  _plib_free_
Module: C:\WATCOM\lib386\dos\clib3r.lib(memalloc)
0001:0000807c  __MemAllocator
0001:00008124  __MemFree
Module: C:\WATCOM\lib386\dos\clib3r.lib(heapmod)
0002:00003090  ___nheap_clean
0002:00003091* ___fheap_clean
Module: C:\WATCOM\lib386\dos\clib3r.lib(fwrite)
0001:0000822f  fwrite_
Module: C:\WATCOM\lib386\dos\clib3r.lib(fflush)
0001:000083ef  fflush_
Module: C:\WATCOM\lib386\dos\clib3r.lib(memmove)
0001:000083ff  memmove_
Module: C:\WATCOM\lib386\dos\clib3r.lib(fgetc)
0001:0000844c  fgetc_
0001:000084d5+ __filbuf_
0001:00008504+ __fill_buffer_
Module: C:\WATCOM\lib386\plib3r.lib(stfsetb)
0001:000085b0  void near streambuf::setb( char near *, char near *, int )
Module: C:\WATCOM\lib386\plib3r.lib(stabtrav)
0001:00008608  __wcpp_2_stab_entry__
0001:00008636  __wcpp_2_stab_trav_init__
0001:00008657  __wcpp_2_stab_trav_comp__
0001:0000865c  __wcpp_2_stab_trav_next__
0001:000086e1  __wcpp_2_stab_trav_move__
Module: C:\WATCOM\lib386\plib3r.lib(stabthrw)
0001:0000878b  __wcpp_2_corrupted_stack__
0001:00008ac7* __wcpp_2_catch_done__
0001:00008d21+ __wcpp_2_dispatchable__
0001:00008d7a+ __wcpp_2_save_exc__
0001:00008df8+ __wcpp_2_dispatch__
0001:00008ef0* __wcpp_2_rethrow__
0001:00008f00* __wcpp_2_throw__
0001:00008f0a* __wcpp_2_throw_zero__
0002:00002d2a+ ___wcpp_2_data_init_longjmp_
Module: C:\WATCOM\lib386\dos\clib3r.lib(stinit)
0002:00003094  ___OpenStreams
Module: C:\WATCOM\lib386\dos\clib3r.lib(qwrit)
0001:00009008  __qwrite_
Module: C:\WATCOM\lib386\dos\clib3r.lib(seterrno)
0001:0000907c  __set_EDOM_
0001:00009081  __set_errno_
0001:0000908d  __set_ERANGE_
0001:00009094* __set_EINVAL_
0001:000090a4  __set_doserrno_
Module: C:\WATCOM\lib386\dos\clib3r.lib(lseek)
0001:000090b0  lseek_
0001:000090b0* _lseek_
Module: C:\WATCOM\lib386\plib3r.lib(opnew)
0001:000090f4  void near * near operator new( int unsigned )
Module: C:\WATCOM\lib386\dos\clib3r.lib(__stos)
0001:00009140  __STOSB
0001:00009177* __STOSD
Module: C:\WATCOM\lib386\dos\clib3r.lib(stat)
0001:000091e3  stat_
0001:000091e3* _stat_
Module: C:\WATCOM\lib386\dos\clib3r.lib(open)
0001:000093de  open_
0001:00009402+ sopen_
0001:000095eb* __set_binary_
Module: C:\WATCOM\lib386\dos\clib3r.lib(getenv)
0001:00009650  getenv_
Module: C:\WATCOM\lib386\plib3r.lib(istpeek)
0001:000096b4  int near istream::peek()
Module: C:\WATCOM\lib386\dos\clib3r.lib(istable)
0002:00000868  __IsTable
Module: C:\WATCOM\lib386\plib3r.lib(istget)
0001:00009708  int near istream::get()
Module: C:\WATCOM\lib386\dos\clib3r.lib(iomode)
0001:0000977d  __IOMode_
0001:000097d2  __SetIOMode_
0002:00001974  ___NFiles
0002:00001978+ ___init_mode
0002:000019c8+ __iomode
Module: C:\WATCOM\lib386\dos\clib3r.lib(_clse)
0001:000097e7  __close_
Module: C:\WATCOM\lib386\dos\graph.lib(svgainfor)
0001:0000981c  _SuperVGAType_
0001:00009c56* _SetSVGAType_
Module: C:\WATCOM\lib386\dos\graph.lib(fast256r)
0001:00009c5d* _FastMap_
0001:00009d06  _RMAlloc_
0001:00009d8c  _RMFree_
0001:00009dbb  _RMInterrupt_
0001:00009e74  _RMInterrupt2_
Module: C:\WATCOM\lib386\dos\graph.lib(l1clipr)
0001:00009f01+ _L1OutCode_
0001:00009fa8  _L0LineClip_
0001:0000a196* _L0BlockClip_
Module: C:\WATCOM\lib386\dos\graph.lib(l0drwlinr)
0001:0000a213  _L0DrawLine_
Module: C:\WATCOM\lib386\dos\clib3r.lib(amblksiz)
0002:000019cc  __amblksiz
Module: C:\WATCOM\lib386\dos\clib3r.lib(sigsy)
0001:0000a4dd  __DPMI_hosted_
0001:0000a571  __restore_int23_
0001:0000a727  __restore_int_ctrl_break_
0001:0000a75f  __grab_int23_
0001:0000a87a  __grab_int_ctrl_break_
Module: C:\WATCOM\lib386\math387r.lib(ftos)
0001:0000a995* _SetMaxPrec_
0001:0000ab12  _FtoS_
Module: C:\WATCOM\lib386\math387r.lib(strtod)
0001:0000ad4c  strtod_
Module: C:\WATCOM\lib386\dos\clib3r.lib(d_setvec)
0001:0000af3f  _dos_setvect_
Module: C:\WATCOM\lib386\dos\clib3r.lib(grownear)
0001:0000afbd+ __FreeDPMIBlocks_
0001:0000b019* __ReAllocDPMIBlock_
0001:0000b18c+ __LastFree_
0001:0000b35d  __ExpandDGROUP_
Module: C:\WATCOM\lib386\dos\clib3r.lib(nmemneed)
0001:0000b526  __nmemneed_
Module: C:\WATCOM\lib386\dos\clib3r.lib(write)
0001:0000b529  write_
Module: C:\WATCOM\lib386\dos\clib3r.lib(tell)
0001:0000b6fe  tell_
Module: C:\WATCOM\lib386\dos\clib3r.lib(read)
0001:0000b70f  read_
Module: C:\WATCOM\lib386\plib3r.lib(tssize)
0001:0000b830  __wcpp_2_ts_size__
Module: C:\WATCOM\lib386\plib3r.lib(stabreg)
0001:0000b874  __wcpp_2_base_register__
0001:0000b88d* __wcpp_2_base_deregister__
Module: C:\WATCOM\lib386\dos\clib3r.lib(ioalloc)
0001:0000b89a  __ioalloc_
Module: C:\WATCOM\lib386\dos\clib3r.lib(errno)
0001:0000b911  __get_errno_ptr_
0001:0000b917  __get_doserrno_ptr_
0002:00003498+ _errno
0002:0000349c+ __doserrno
Module: C:\WATCOM\lib386\dos\clib3r.lib(fputc)
0001:0000b91d  fputc_
Module: C:\WATCOM\lib386\dos\clib3r.lib(flushall)
0001:0000b9c1  flushall_
0001:0000b9c6  __flushall_
Module: C:\WATCOM\lib386\dos\clib3r.lib(gtche)
0001:0000b9f5  getche_
Module: C:\WATCOM\lib386\dos\clib3r.lib(qread)
0001:0000ba12  __qread_
Module: C:\WATCOM\lib386\plib3r.lib(bittest)
0001:0000ba34  __wcpp_2_bit_test__
Module: C:\WATCOM\lib386\plib3r.lib(callterm)
0001:0000ba54  __wcpp_2_call_terminate__
Module: C:\WATCOM\lib386\plib3r.lib(tsequiv)
0001:0000ba65  __wcpp_2_ts_equiv__
Module: C:\WATCOM\lib386\plib3r.lib(callunex)
0001:0000bab8  __wcpp_2_call_unexpected__
Module: C:\WATCOM\lib386\dos\clib3r.lib(stjmp386)
0001:0000babe* _setjmp_
0001:0000baf3  longjmp_
Module: C:\WATCOM\lib386\plib3r.lib(allocexc)
0001:0000bb78  __wcpp_2_alloc_exc__
0001:0000bcb3  __wcpp_2_free_exc__
0001:0000bce0  __wcpp_2_pop_exc__
0001:0000bcef  __wcpp_2_push_exc__
Module: C:\WATCOM\lib386\dos\clib3r.lib(ljmphdl)
0002:000019f8  ___longjmp_handler
Module: C:\WATCOM\lib386\dos\clib3r.lib(initfile)
0001:0000bcfd  __InitFiles_
Module: C:\WATCOM\lib386\dos\clib3r.lib(ioexit)
0001:0000bd74  __full_io_exit_
0001:0000bd80* fcloseall_
Module: C:\WATCOM\lib386\dos\clib3r.lib(dosret)
0001:0000bddd* _dosret0_
0001:0000bde4* _dosretax_
0001:0000bde8  __set_errno_dos_
Module: C:\WATCOM\lib386\dos\clib3r.lib(strpbrk)
0001:0000be59  strpbrk_
Module: C:\WATCOM\lib386\dos\clib3r.lib(gtcwd)
0001:0000bea3  getcwd_
Module: C:\WATCOM\lib386\dos\clib3r.lib(chdir)
0001:0000bf2b  chdir_
Module: C:\WATCOM\lib386\dos\clib3r.lib(fstat)
0001:0000bf4c  fstat_
0001:0000bf4c* _fstat_
Module: C:\WATCOM\lib386\dos\clib3r.lib(tolower)
0001:0000c06e  tolower_
0001:0000c06e* _tolower_
Module: C:\WATCOM\lib386\dos\clib3r.lib(d2ttime)
0001:0000c07c  _d2ttime_
Module: C:\WATCOM\lib386\dos\clib3r.lib(strncpy)
0001:0000c0e2  strncpy_
Module: C:\WATCOM\lib386\dos\clib3r.lib(strchr)
0001:0000c107  strchr_
Module: C:\WATCOM\lib386\dos\clib3r.lib(cmp386)
0001:0000c120  strcmp_
Module: C:\WATCOM\lib386\dos\clib3r.lib(isatt)
0001:0000c1c1  isatty_
Module: C:\WATCOM\lib386\dos\clib3r.lib(umaskval)
0002:00001a10  ___umaskval
Module: C:\WATCOM\lib386\dos\clib3r.lib(environ)
0002:00001a14  _environ
0002:00001a18  ___env_mask
Module: C:\WATCOM\lib386\dos\clib3r.lib(strnicmp)
0001:0000c1e8  strnicmp_
0001:0000c1e8* _strnicmp_
Module: C:\WATCOM\lib386\plib3r.lib(istipfx)
0001:0000c23c  int near istream::ipfx( int )
Module: C:\WATCOM\lib386\dos\graph.lib(gstklowr)
0001:0000c28b  _GetStackLow_
Module: C:\WATCOM\lib386\dos\clib3r.lib(signl)
0001:0000c291+ __sigabort_
0001:0000c29b  __sigfpe_handler_
0001:0000c2d0* signal_
0001:0000c385  raise_
Module: C:\WATCOM\lib386\dos\clib3r.lib(chint386)
0001:0000c448  _chain_intr_
Module: C:\WATCOM\lib386\dos\clib3r.lib(d_getvec)
0001:0000c461  _dos_getvect_
Module: C:\WATCOM\lib386\math387r.lib(nan_inf)
0001:0000c493  __Nan_Inf_
Module: C:\WATCOM\lib386\math387r.lib(log387)
0001:0000c571* log_
0001:0000c589* log2_
0001:0000c57d* log10_
0001:0000c526* IF@LOG
0001:0000c526* IF@DLOG
0001:0000c569* IF@LOG2
0001:0000c569* IF@DLOG2
0001:0000c56d* IF@LOG10
0001:0000c56d  IF@DLOG10
Module: C:\WATCOM\lib386\math387r.lib(floor)
0001:0000c595  floor_
Module: C:\WATCOM\lib386\math387r.lib(scale)
0001:0000c5d1+ _Scale_
0001:0000c612  _Scale10V_
Module: C:\WATCOM\lib386\math387r.lib(cvt)
0001:0000c72f  __cvt_
Module: C:\WATCOM\lib386\dos\clib3r.lib(amodf386)
0001:0000c90c* __ModF
0001:0000c99c  __ZBuf2F
Module: C:\WATCOM\lib386\dos\clib3r.lib(hugeval)
0002:0000098c  __HugeValue
Module: C:\WATCOM\lib386\dos\clib3r.lib(minreal)
0002:000034a0  ___minreal
Module: C:\WATCOM\lib386\dos\clib3r.lib(heapen)
0001:0000ca38* _heapenable_
0002:00001a50  ___heap_enabled
Module: C:\WATCOM\lib386\dos\clib3r.lib(sbrk386)
0001:0000ca48* sbrk_
0001:0000cb10  __brk_
Module: C:\WATCOM\lib386\dos\clib3r.lib(stk386)
0001:0000cbf7* __STK
0001:0000cbe4* __CHK
0001:0000cbf4* __GRO
0001:0000cc15  __STKOVERFLOW_
Module: C:\WATCOM\lib386\dos\clib3r.lib(chktty)
0001:0000cc24  __chktty_
Module: C:\WATCOM\lib386\plib3r.lib(termnate)
0001:0000cc58  void near terminate()
Module: C:\WATCOM\lib386\plib3r.lib(unexpect)
0001:0000cca4  void near unexpected()
Module: C:\WATCOM\lib386\plib3r.lib(areaexc)
0002:00001a68  ___EXC_AREA
Module: C:\WATCOM\lib386\dos\clib3r.lib(allocfp)
0001:0000ccd8* __allocfp_
0001:0000cd7e+ __freefp_
0001:0000cdb7  __purgefp_
Module: C:\WATCOM\lib386\dos\clib3r.lib(fclose)
0001:0000cdd5* fclose_
0001:0000ce02  __shutdown_stream_
0001:0000ce23+ __MkTmpFile_
0001:0000ce88+ __doclose_
Module: C:\WATCOM\lib386\dos\clib3r.lib(bits)
0001:0000cf18  __setbits_
0002:00000994  __Bits
Module: C:\WATCOM\lib386\dos\clib3r.lib(filelen)
0001:0000cf56  filelength_
Module: C:\WATCOM\lib386\dos\clib3r.lib(setenvp)
0001:0000cf93  __setenvp_
Module: C:\WATCOM\lib386\dos\clib3r.lib(abort)
0001:0000d067* abort_
0001:0000d06d  __terminate_
0002:00002a68  ___abort
Module: C:\WATCOM\lib386\math387r.lib(grabfpe)
0001:0000d07f  __grab_fpe_
Module: C:\WATCOM\lib386\math387r.lib(log87e)
0001:0000d084  __log87_err_
Module: C:\WATCOM\lib386\math387r.lib(modf387)
0001:0000d0c0  modf_
Module: C:\WATCOM\lib386\math387r.lib(i64ts386)
0001:0000d0da  __CmpBigInt
0001:0000d114  __Rnd2Int
0001:0000d17f  __Bin2String
Module: C:\WATCOM\lib386\math387r.lib(fpow10)
0002:0000099c  __BigPow10Table
Module: C:\WATCOM\lib386\dos\clib3r.lib(chipvar)
0002:00002a6c  ___chipbug
0002:00002a6c  __chipbug
Module: C:\WATCOM\lib386\dos\clib3r.lib(chipd32)
0001:0000d3b7* __fdiv_fpr
0001:0000d879* __fdiv_chk
0001:0000d88c* __fdiv_m32
0001:0000d8d8  __fdiv_m64
0001:0000d924* __fdiv_m32r
0001:0000d970* __fdiv_m64r
Module: C:\WATCOM\lib386\math387r.lib(frexp)
0001:0000d9bc  frexp_
Module: C:\WATCOM\lib386\dos\clib3r.lib(gtpid)
0001:0000da2b  getpid_
Module: C:\WATCOM\lib386\dos\clib3r.lib(ftell)
0001:0000da31  ftell_
Module: C:\WATCOM\lib386\dos\clib3r.lib(remove)
0001:0000da73  remove_
Module: C:\WATCOM\lib386\dos\clib3r.lib(grabfp87)
0001:0000da78  __GrabFP87_
Module: C:\WATCOM\lib386\math387r.lib(math2err)
0001:0000daa9  __math1err_
0001:0000dab3+ __math2err_
Module: C:\WATCOM\lib386\dos\clib3r.lib(chipbug)
0001:0000db8e  verify_pentium_fdiv_bug_
Module: C:\WATCOM\lib386\dos\clib3r.lib(unlnk)
0001:0000dbe3  unlink_
Module: C:\WATCOM\lib386\dos\clib3r.lib(fpe387)
0002:00002acc  ___PMSeg
0002:00002ace  ___PMAddr
0002:00002ad2  ___RMAddr
0001:0000dc04  __Init_FPE_handler_
0001:0000dc61  __Fini_FPE_handler_
Module: C:\WATCOM\lib386\dos\clib3r.lib(fpeinth)
0001:0000dcbe  __Enable_FPE_
0001:0000dcd3  __FPEHandler_
0001:0000dce0  __FPE2Handler_
Module: C:\WATCOM\lib386\math387r.lib(_matherr)
0001:0000df1e* _set_matherr_
0001:0000df24+ __rterrmsg_
0001:0000df6c  _matherr_
0002:00002cf4+ __RWD_matherr
Module: C:\WATCOM\lib386\dos\clib3r.lib(fpephar)
0001:0000df9c  __Phar_hook_init_
0001:0000e05f  __Phar_hook_fini_
Module: C:\WATCOM\lib386\dos\clib3r.lib(fpedos4g)
0001:0000e08c  __DOS4G_hook_init_
0001:0000e0b9  __DOS4G_hook_fini_
Module: C:\WATCOM\lib386\dos\clib3r.lib(fpeergo)
0001:0000e0d2  __Ergo_hook_init_
0001:0000e110  __Ergo_hook_fini_
Module: C:\WATCOM\lib386\dos\clib3r.lib(fpeintel)
0001:0000e12a  __Intel_hook_init_
0001:0000e182  __Intel_hook_fini_
Module: C:\WATCOM\lib386\math387r.lib(__mtherr)
0001:0000e184  __matherr
Module: C:\WATCOM\lib386\dos\clib3r.lib(fputs)
0001:0000e189  fputs_
Module: C:\WATCOM\lib386\dos\clib3r.lib(fpeint)
0002:00002cf8  ___FPE_int
0002:00002cf9  ___IRQ_num
0002:00002cfa  ___IRQ_int
0002:00002cfb  ___MST_pic
0002:00002cfc* ___SLV_pic
Module: C:\WATCOM\lib386\math387r.lib(matherr)
0001:0000e204  matherr_
Module: C:\WATCOM\lib386\plib3r.lib(stfsync)
0001:0000e208  int near streambuf::sync()


                        +----------------------+
                        |   Imported Symbols   |
                        +----------------------+

Symbol                              Module
======                              ======



                        +--------------------+
                        |   Libraries Used   |
                        +--------------------+

C:\WATCOM\lib386\dos\graph.lib
C:\WATCOM\lib386\dos\clib3r.lib
C:\WATCOM\lib386\plib3r.lib
C:\WATCOM\lib386\math387r.lib
C:\WATCOM\lib386\dos\emu387.lib


                        +-----------------------+
                        |   Linker Statistics   |
                        +-----------------------+

Stack size:  1000 (4096.)
Memory size:  000126ed (75501.)
Entry point address: 0001:00000d6c
Link time: 00:04.45
