Virus scanning report  -  20. July 1994   0:50

F-PROT 2.12 created 25. April 1994
Virus search strings created 20. April 1994

Method: Heuristics
Search: C:\CRS\1-0\
Action: Report only
Targets: Boot/File/User/Packed
Files: Standard executables

Memory was not scanned.
Scanning MBR of hard disk 1
Scanning MBR of hard disk 2
Scanning boot sector C:
C:\CRS\1-0\1701.COM  Infection: New or modified variant of Cascade
C:\CRS\1-0\1008.COM  Infection: Suomi
C:\CRS\1-0\_16850.COM  Infection: HLLC.16850
C:\CRS\1-0\12TRICKS.COM  12 Tricks Trojan
C:\CRS\1-0\30.COM  Infection: Trivial.30.G
C:\CRS\1-0\1210.EXE  Infection: Prudents.A
C:\CRS\1-0\1024SBC.COM  Infection: Bootache (?)
C:\CRS\1-0\1049.COM  Infection: Yankee_Doodle.1049 - Modified (128 extra bytes)
C:\CRS\1-0\394.COM  Infection: Attention.B - Modified (128 extra bytes)
C:\CRS\1-0\512-X.COM  Infection: No_of_the_Beast.H
C:\CRS\1-0\1339.EXE  Infection: Vacsina.TP.16.A
C:\CRS\1-0\483.COM  Infection: Siskin.Resurrect - Modified (128 extra bytes)
C:\CRS\1-0\911.COM  Infection: Armagedon.1079.B
C:\CRS\1-0\0964B.EXE  Infection: Screen+1.948
C:\CRS\1-0\0964B.COM  Infection: Screen+1.948
C:\CRS\1-0\JEWS-2'.EXE  Infection: Mayak.2370
C:\CRS\1-0\1753.EXE  Infection: Vacsina.TP.23
C:\CRS\1-0\1753.COM  Infection: Vacsina.TP.23
C:\CRS\1-0\1206.EXE  Infection: Vacsina.TP.5.A
C:\CRS\1-0\0920.EXE  Infection: Datalock.920.A
C:\CRS\1-0\1024A.EXE  Infection: Diamond.1024.A
C:\CRS\1-0\1024A.COM  Infection: Diamond.1024.A
C:\CRS\1-0\0964.EXE  Infection: Screen+1.948
C:\CRS\1-0\0964.COM  Infection: Screen+1.948
C:\CRS\1-0\2932.EXE  Infection: Yankee_Doodle.TP.41
C:\CRS\1-0\2932.COM  Infection: Yankee_Doodle.TP.41
C:\CRS\1-0\1212.EXE  Infection: Vacsina.TP.4
C:\CRS\1-0\_302.COM  Infection: _302
C:\CRS\1-0\1064A.EXE  Infection: SVC.1064
C:\CRS\1-0\1064A.COM  Infection: SVC.1064
C:\CRS\1-0\1961.EXE  Infection: Old_Yankee.1
C:\CRS\1-0\1600B.EXE  Infection: Voronezh.1600
C:\CRS\1-0\1677.COM  Infection: PCBB.1677
C:\CRS\1-0\1991.EXE  Infection: Dark_Avenger.2000.Traveler.C
C:\CRS\1-0\3040-168.EXE  Infection: Pascal.3072.B
C:\CRS\1-0\2100.EXE  Infection: Dark_Avenger.2100.DI.A
C:\CRS\1-0\1876.EXE  Infection: New or modified variant of Dash-em
C:\CRS\1-0\1876.COM  Infection: Dash-em
C:\CRS\1-0\2881.EXE  Infection: Yankee_Doodle.TP.44.A
C:\CRS\1-0\1704-F.COM  Infection: Cascade.1704.Format
C:\CRS\1-0\17Y4.COM  Infection: Cascade.1704.Y
C:\CRS\1-0\268-PLUS.COM  Infection: Grower
C:\CRS\1-0\512-A.COM  Infection: No_of_the_Beast.A.1
C:\CRS\1-0\512-F.COM  Infection: No_of_the_Beast.F
C:\CRS\1-0\1760.EXE  Infection: Vacsina.TP.24
C:\CRS\1-0\1760.COM  Infection: Vacsina.TP.24
C:\CRS\1-0\1503.EXE  Infection: Wordswap.1503 - unknown?
C:\CRS\1-0\2048A.EXE  Infection: Magnitogorsk.2048.A - Inoculated (Jerusalem)
C:\CRS\1-0\2048A.COM  Infection: Magnitogorsk.2048.A - Inoculated (Jerusalem)
C:\CRS\1-0\2568.EXE  Infection: Vacsina.TP.34
C:\CRS\1-0\1808.EXE  Infection: Jerusalem.1808.Standard
C:\CRS\1-0\2756.EXE  Infection: Yankee_Doodle.TP.38
C:\CRS\1-0\2756.COM  Infection: Yankee_Doodle.TP.38
C:\CRS\1-0\29233.EXE  Infection: Vacsina.Joker
C:\CRS\1-0\4096C.EXE  Infection: Frodo.Frodo.A
C:\CRS\1-0\4096C.COM  Infection: Frodo.Frodo.A
C:\CRS\1-0\3551.EXE  Infection: SysLock.Advent
C:\CRS\1-0\0637.EXE  Infection: Vcomm.637.A
C:\CRS\1-0\2048.EXE  Infection: Magnitogorsk.2048.A
C:\CRS\1-0\2048.COM  Multiple infections: Magnitogorsk.2048.A and Dark_Avenger
C:\CRS\1-0\1740.EXE  Infection: SVC.1740
C:\CRS\1-0\1740.COM  Infection: SVC.1740
C:\CRS\1-0\2000.EXE  Infection: Dark_Avenger.2000.Traveler.B
C:\CRS\1-0\2144.EXE  Infection: Hymn.2144
C:\CRS\1-0\1488A.EXE  Infection: Suriv_2.A
C:\CRS\1-0\4096~.EXE  Infection: Jerusalem.AntiCad.4096.Danube
C:\CRS\1-0\4096~.COM  Infection: Jerusalem.AntiCad.4096.Danube
C:\CRS\1-0\2897.EXE  Infection: Yankee_Doodle.TP.45
C:\CRS\1-0\1049A.EXE  Infection: New or modified variant of Yankee_Doodle
C:\CRS\1-0\1049A.COM  Infection: Yankee_Doodle.1049
C:\CRS\1-0\1089B.EXE  Infection: SVC.1689.A
C:\CRS\1-0\1089B.COM  Infection: SVC.1689.A
C:\CRS\1-0\1049B.EXE  Infection: Yankee_Doodle.1049
C:\CRS\1-0\1049B.COM  Infection: Yankee_Doodle.1049
C:\CRS\1-0\1024C.EXE  Infection: Best_Wishes.1024.A
C:\CRS\1-0\1408.EXE  Infection: Alabama.A
C:\CRS\1-0\1075.EXE  Infection: Minsk
C:\CRS\1-0\1559A.EXE  Infection: Tenbytes.1554.A
C:\CRS\1-0\1805.EXE  Infection: Vacsina.TP.25.A
C:\CRS\1-0\1805.COM  Infection: Vacsina.TP.25.A
C:\CRS\1-0\2680.EXE  Infection: Vacsina.TP.33
C:\CRS\1-0\2680.COM  Infection: Vacsina.TP.33
C:\CRS\1-0\4096B.EXE  Infection: Frodo.Frodo.A
C:\CRS\1-0\4096B.COM  Infection: Frodo.Frodo.A
C:\CRS\1-0\2772.EXE  Infection: Yankee_Doodle.TP.39
C:\CRS\1-0\2772.COM  Infection: Yankee_Doodle.TP.39
C:\CRS\1-0\1600A.EXE  Infection: Voronezh.1600
C:\CRS\1-0\0506.EXE  Infection: Siskin.Hero.506
C:\CRS\1-0\0506.COM  Infection: Siskin.Hero.506
C:\CRS\1-0\0513.EXE  Infection: Surrender
C:\CRS\1-0\1636.EXE  Infection: Jerusalem.Sunday.A
C:\CRS\1-0\_2617.EXE  Infection: Uddy
C:\CRS\1-0\2100-SI.EXE  Infection: Dark_Avenger.2100.SI.A
C:\CRS\1-0\5120.EXE  Infection: New or modified variant of Vbasic
C:\CRS\1-0\133.EXE  Infection: New or modified variant of Tiny_Family
C:\CRS\1-0\170X.EXE  Infection: New or modified variant of Cascade
C:\CRS\1-0\4096.COM  Infection: Frodo.Frodo.A
C:\CRS\1-0\1992_B.COM  Infection: Rythem.1992
C:\CRS\1-0\1392.COM  Infection: Amoeba.unknown?
C:\CRS\1-0\512-B.COM  Infection: No_of_the_Beast.B.1
C:\CRS\1-0\1260.COM  Infection: V2Px.1260
C:\CRS\1-0\1575-E.COM  Infection: New or modified variant of Green_Caterpillar
C:\CRS\1-0\1717.COM  Infection: PS-MPC.1706
C:\CRS\1-0\1888.COM  Infection: Raubkopie.1888.B
C:\CRS\1-0\196.COM  Infection: _189 (?)
C:\CRS\1-0\1992.COM  Infection: Rythem.1992
C:\CRS\1-0\299.COM  Infection: Pixel.299
C:\CRS\1-0\3066.COM  Infection: Possibly a new variant of Traceback or Monika
C:\CRS\1-0\334.COM  Infection: Made
C:\CRS\1-0\382.COM  Infection: Burger.382
C:\CRS\1-0\627A.COM  Infection: Vienna.627.A
C:\CRS\1-0\534B.COM  Infection: Vienna.W-13.534.A
C:\CRS\1-0\534C.COM  Infection: Vienna.W-13.534.A
C:\CRS\1-0\535.COM  Infection: Vienna.Monxla.B
C:\CRS\1-0\0361.COM  Infection: New or modified variant of Vienna
C:\CRS\1-0\0361A.COM  Infection: Vienna.W-13.361
C:\CRS\1-0\541.COM  Infection: Burger.560.Q
C:\CRS\1-0\0377.COM  Infection: Vienna.W-13.377
C:\CRS\1-0\0377A.COM  Infection: Vienna.W-13.377
C:\CRS\1-0\1023.COM  Infection: Zherkov.1023.A
C:\CRS\1-0\560.COM  Infection: Burger.560.AK
C:\CRS\1-0\0600A.COM  Infection: Voronezh.600
C:\CRS\1-0\0600B.COM  Infection: Voronezh.600
C:\CRS\1-0\583VIRUS.COM  Infection: Vienna.583.A - Generation 1
C:\CRS\1-0\0394.COM  Infection: Attention.A
C:\CRS\1-0\0394A.COM  Infection: Attention.A
C:\CRS\1-0\644.COM  Infection: Vienna.644.A - Modified (128 extra bytes)
C:\CRS\1-0\0394B.COM  Infection: Attention.A
C:\CRS\1-0\7SON2.COM  Infection: Seventh_son.332 - Generation 1
C:\CRS\1-0\0394C.COM  Infection: Attention.A
C:\CRS\1-0\0400.COM  Infection: DM.400.A
C:\CRS\1-0\0417.COM  Infection: F-you.417.A
C:\CRS\1-0\7SON4.COM  Infection: Seventh_son.284
C:\CRS\1-0\0488.COM  Infection: Lovechild.488
C:\CRS\1-0\808.COM  Infection: Rythem.808.A
C:\CRS\1-0\0488C.COM  Infection: Lovechild.488
C:\CRS\1-0\0492.COM  Infection: SI-492.B
C:\CRS\1-0\0492A.COM  Infection: SI-492.B
C:\CRS\1-0\0294.COM  Infection: Jerusalem.Kylie
C:\CRS\1-0\0405B.COM  Infection: Burger.405.A
C:\CRS\1-0\0476.COM  Infection: Shake.A
C:\CRS\1-0\0482B.COM  Infection: Russian_mirror.A
C:\CRS\1-0\0500A.COM  Infection: MG.1
C:\CRS\1-0\0507A.COM  Infection: Vienna.W-13.507.A
C:\CRS\1-0\0507B.COM  Infection: Vienna.W-13.507.A
C:\CRS\1-0\0658.COM  Infection: Something
C:\CRS\1-0\0707B.COM  Infection: USSR-707.A
C:\CRS\1-0\0757.COM  Infection: Vienna.757
C:\CRS\1-0\0830.COM  Infection: Red_Diavolyata.830.A
C:\CRS\1-0\0897B.COM  Infection: Suriv_1.April_1st.A
C:\CRS\1-0\0970.COM  Infection: Best_Wishes.970.A
C:\CRS\1-0\1064.COM  Infection: SVC.1064
C:\CRS\1-0\1064B.COM  Infection: SVC.1064
C:\CRS\1-0\1069.COM  Infection: Wordswap.1069
C:\CRS\1-0\1150.COM  Infection: Destructor.A
C:\CRS\1-0\1193.COM  Infection: Copyright.1193
C:\CRS\1-0\13312A.COM  Infection: Number_1.AIDS.A
C:\CRS\1-0\1387.COM  Infection: Wordswap.1387
C:\CRS\1-0\1387A.COM  Infection: Wordswap.1387
C:\CRS\1-0\1503A.COM  Infection: Wordswap.1503 - unknown?
C:\CRS\1-0\1559.COM  Infection: Tenbytes.1554.A
C:\CRS\1-0\1600D.COM  Infection: Voronezh.1600
C:\CRS\1-0\1636B.COM  Infection: Jerusalem.Sunday.A
C:\CRS\1-0\1663.COM  Infection: Tumen.1663
C:\CRS\1-0\1808D.COM  Infection: Jerusalem.1808.Standard
C:\CRS\1-0\1865.COM  Infection: Hymn.Hymn.A
C:\CRS\1-0\0529A.COM  Infection: Piter.A
C:\CRS\1-0\134.COM  Infection: Tiny_Family.134
C:\CRS\1-0\0405A.COM  Infection: Burger.405.F
C:\CRS\1-0\159.COM  Infection: Tiny_Family.159
C:\CRS\1-0\31XX.COM  Infection: Pascal.3072.A
C:\CRS\1-0\0696.COM  Infection: On_64
C:\CRS\1-0\0707A.COM  Infection: USSR-707.A
C:\CRS\1-0\0710.COM  Infection: Thirteen_minutes.A
C:\CRS\1-0\0751.COM  Infection: Infector.751
C:\CRS\1-0\0753.COM  Infection: Socha
C:\CRS\1-0\297.COM  Infection: Pixel.Cheef.297
C:\CRS\1-0\300.COM  Infection: Pixel.Cheef.300.B
C:\CRS\1-0\300B.COM  Infection: Pixel.Cheef.297
C:\CRS\1-0\342.COM  Infection: Pixel.342
C:\CRS\1-0\345A.COM  Infection: Pixel.345.A
C:\CRS\1-0\457.COM  Infection: Pixel.Self.457
C:\CRS\1-0\547.COM  Infection: Path
C:\CRS\1-0\740.COM  Infection: Pixel.Cancer
C:\CRS\1-0\847.COM  Infection: Pixel.847.Pixel
C:\CRS\1-0\0550.COM  Infection: Pixel.Self.550
C:\CRS\1-0\623A.COM  Infection: Vienna.623.A
C:\CRS\1-0\623B.COM  Infection: Vienna.623.A
C:\CRS\1-0\534A.COM  Infection: Vienna.W-13.534.A
C:\CRS\1-0\0257A.COM  Infection: Kemerovo.B
C:\CRS\1-0\0448.COM  Infection: Kuku
C:\CRS\1-0\0483A.COM  Infection: Kiev
C:\CRS\1-0\2885A.COM  Infection: Yankee_Doodle.TP.44.A
C:\CRS\1-0\2885B.COM  Infection: Yankee_Doodle.TP.44.A
C:\CRS\1-0\2901.COM  Infection: Yankee_Doodle.TP.45
C:\CRS\1-0\1800.COM  Infection: Dark_Avenger.1800.A
C:\CRS\1-0\160.COM  Infection: Tiny_Family.160
C:\CRS\1-0\2000A.COM  Infection: Dark_Avenger.2000.Traveler.B
C:\CRS\1-0\3103.COM  Infection: Yankee_Doodle.TP.44.A
C:\CRS\1-0\0483.COM  Infection: Kiev
C:\CRS\1-0\512B.COM  Infection: No_of_the_Beast.F
C:\CRS\1-0\23693A.COM  Infection: Vienna.NTKC.A
C:\CRS\1-0\_4096.COM  Infection: Frodo.Frodo.A - Generation 1
C:\CRS\1-0\10PAST3.COM  Infection: 10_past_3.748
C:\CRS\1-0\1575.COM  Infection: Green_Caterpillar.1575.A
C:\CRS\1-0\1701MUTA.COM  Infection: Cascade.1701.S
C:\CRS\1-0\1704-A.COM  Infection: Cascade.1704.A
C:\CRS\1-0\674.COM  Infection: New or modified variant of VCL
C:\CRS\1-0\4928.COM  Infection: Yankee_Doodle.XPEH.4928
C:\CRS\1-0\1992-B.COM  Infection: Rythem.1992
C:\CRS\1-0\17_04.COM  Infection: Cascade.1701.A
C:\CRS\1-0\512-C.COM  Infection: No_of_the_Beast.C
C:\CRS\1-0\512-D.COM  Infection: No_of_the_Beast.D
C:\CRS\1-0\15540.COM  Infection: Tenbytes.1451.A
C:\CRS\1-0\623C.COM  Infection: Vienna.623.A
C:\CRS\1-0\534D.COM  Infection: Vienna.W-13.534.A
C:\CRS\1-0\0529B.COM  Infection: Piter.A
C:\CRS\1-0\0482A.COM  Infection: Russian_mirror.A
C:\CRS\1-0\0500B.COM  Infection: MG.2.A
C:\CRS\1-0\0500C.COM  Infection: MG.3.A
C:\CRS\1-0\0691.COM  Infection: DIR.691
C:\CRS\1-0\0776.COM  Infection: Vienna.776
C:\CRS\1-0\13312B.COM  Infection: Number_1.AIDS.A
C:\CRS\1-0\1339A.COM  Infection: Vacsina.TP.16.A
C:\CRS\1-0\1339B.COM  Infection: Vacsina.TP.16.A
C:\CRS\1-0\1808B.COM  Infection: Jerusalem.1808.Standard
C:\CRS\1-0\1808C.COM  Infection: Jerusalem.1808.Standard
C:\CRS\1-0\1STAPRIL.COM  Infection: Suriv_1.April_1st.A
C:\CRS\1-0\37VESA.COM  Infection: Butterfly.Butterfly
C:\CRS\1-0\67VESA.COM  Infection: Butterfly.Butterfly
C:\CRS\1-0\1704FRMT.COM  Infection: Cascade.1704.Format
C:\CRS\1-0\!TIGER.COM  Infection: Jerusalem.AntiCad.4096.A
C:\CRS\1-0\2623.EXE  Infection: Uddy
C:\CRS\1-0\4.EXE  Seems to be a VCL-dropper
C:\CRS\1-0\10BYTE-D.COM  Infection: Tenbytes.1451.A
C:\CRS\1-0\646.EXE  Might be a LZEXE-packed Vienna-dropper
C:\CRS\1-0\901.EXE  Infection: Frodo.Frodo.A
C:\CRS\1-0\10BYTE-V.COM  Infection: Tenbytes.1554.A
C:\CRS\1-0\13MIN.COM  Infection: Thirteen_minutes.A
C:\CRS\1-0\3445.COM  Infection: Telecom (?)
C:\CRS\1-0\666-B.COM  Infection: Diamond.Rock_Steady.B - Generation 1
C:\CRS\1-0\711.COM  Infection: Thirteen_minutes.A
C:\CRS\1-0\7SON.COM  Infection: Seventh_son.350 - Generation 1
C:\CRS\1-0\817.COM  Infection: New or modified variant of Stardot
C:\CRS\1-0\911-V1.COM  Infection: New or modified variant of Armagedon
C:\CRS\1-0\1071B.COM  Infection: Cascade.1701.A
C:\CRS\1-0\1991-A.COM  Infection: Jerusalem.1808.New3
C:\CRS\1-0\405.COM  Infection: Burger.405.A
C:\CRS\1-0\501.COM  Infection: Jerusalem.1808.New3
C:\CRS\1-0\502.COM  Infection: Jerusalem.1808.New3
C:\CRS\1-0\503.COM  Infection: Jerusalem.1808.New3
C:\CRS\1-0\504.COM  Infection: Jerusalem.1808.New3
C:\CRS\1-0\505.COM  Infection: Jerusalem.1808.New3
C:\CRS\1-0\512-E.COM  Infection: No_of_the_Beast.E.1
C:\CRS\1-0\666.COM  Infection: Diamond.Rock_Steady.A - Generation 1
C:\CRS\1-0\747.COM  Infection: Jerusalem.1808.New3
C:\CRS\1-0\10PASS3.COM  Infection: 10_past_3.748 - Modified (128 extra bytes)
C:\CRS\1-0\1701-A.COM  Infection: Cascade.1701.A
C:\CRS\1-0\170X-F.COM  Infection: Cascade.1701.Jojo - unknown?
C:\CRS\1-0\486.COM  Infection: Rage.486
C:\CRS\1-0\513.COM  Infection: No_of_the_Beast.DOA
C:\CRS\1-0\702.COM  Infection: Coib

Results of virus scanning:

Files: 263  (950 KB)
Scanned: 263  (950 KB)
Infected: 261
Suspicious: 1
Disinfected: 0
Deleted: 0
Renamed: 0

MBR's: 2
DOS boot sectors: 1
Infected: 0
Suspicious: 0
Disinfected: 0

Time: 2:04
