Virus scanning report  -  22. January 1995   21:09

F-PROT 2.16 created 13. January 1995
Virus search strings created 12. January 1995

Method: Heuristics
Search: Hard disk
Action: Report only
Targets: Boot/File/Packed
Files: All files

Warning: You have selected heuristic scan of all files, including data files.
As heuristic scan is only intended to analyse .COM and .EXE executable files,
this may produce a large number of false positives.  We do NOT recommend
using this combination of scanning options, and we warn that any report of
suspicious code in non-executable files is probably a false alarm.
Scanning MBR of hard disk 1
Scanning MBR of hard disk 2
Scanning boot sector C:
Scanning volume DRIVECCC   
C:\CRIS\Q\ACID.VVV  Infection: Acid.670 - Generation 1
C:\CRIS\EA\W\DUMPPKT.VXE is an "armored" program.
This means that it uses some "tricks" to make disassembly and analysis
difficult.  Many games and utilities employ this type of protection,
but it is also used by some viruses to make heuristic analysis difficult.
C:\CRS\E-F\E-COLI~.COM  Infection: VCL.Poisoning
C:\CRS\E-F\EAR.COM  Infection: Ear.Ear.B
C:\CRS\E-F\EARTH.EXE  Infection: VCL.Earthquake
C:\CRS\E-F\EARTH.COM  Infection: Jerusalem.1808.New3
C:\CRS\E-F\EARTHDAY.COM  Infection: VCL.Earthday.797
C:\CRS\E-F\EARV1.EXE  Infection: PS-MPC.Napolean
C:\CRS\E-F\EARV2.COM  Infection: New or modified variant of Ear
C:\CRS\E-F\EAR_6.COM  Infection: New or modified variant of Ear
C:\CRS\E-F\EDDIE-B.EXE  Infection: New or modified variant of Dark_Avenger
C:\CRS\E-F\EDDIE2A.COM  Infection: Eddie-2.A
C:\CRS\E-F\EDV.COM  Infection: EDV image file
C:\CRS\E-F\EGA.EXE  Infection: Jerusalem.1808.Standard
C:\CRS\E-F\EGG.COM  Infection: Egg.1000 - Generation 1
C:\CRS\E-F\EIGHTUNE.COM  Infection: Eight_tunes.A
C:\CRS\E-F\EKOTERR.COM  Infection: EkoTerror (?)
C:\CRS\E-F\ELIZA.COM  Infection: Eliza
C:\CRS\E-F\ELVIS.EXE  Seems to be a Phalcon-dropper
C:\CRS\E-F\EMF.COM  Infection: EMF.625
C:\CRS\E-F\EMF404A.COM  Infection: EMF.404
C:\CRS\E-F\EMF625A.COM  Infection: EMF.625
C:\CRS\E-F\EMFII.COM  Infection: Screaming_Fist.I.683 - Generation 1
C:\CRS\E-F\EMULATE.EXE  Infection: Jerusalem.1808.Standard
C:\CRS\E-F\ENCROACH.EXE  Seems to be a Dedicated-dropper
C:\CRS\E-F\ENIGMA.COM  Infection: Old_Yankee.Enigma.A - Generation 1
C:\CRS\E-F\ENIGMA2.COM  Infection: Old_Yankee.1961.C - Generation 1
C:\CRS\E-F\ETC.COM  Infection: ETC
C:\CRS\E-F\EU92421.COM  Infection: Europe_'92.421
C:\CRS\E-F\EU92421B.COM  Infection: Europe_'92.421 - Generation 1
C:\CRS\E-F\EU92424A.COM  Infection: Europe_'92.424
C:\CRS\E-F\EUPM.EXE  Infection: Year_1992.A
C:\CRS\E-F\EUROPE92.COM  Infection: Europe_'92.421
C:\CRS\E-F\EVIL-D.COM  Infection: Phoenix.Evil
C:\CRS\E-F\EXEV_SR.COM  Seems to be a The Rat-dropper
C:\CRS\E-F\EXPLODE.COM  Infection: Trivial.Explode
C:\CRS\E-F\F-WORD.COM  Infection: F-you.417.A
C:\CRS\E-F\F1-337.COM  Infection: F1-337
C:\CRS\E-F\FACES.COM  Infection: Jerusalem.1808.Standard
C:\CRS\E-F\FALLDROP.COM  Seems to be a Falling_Letters-dropper
C:\CRS\E-F\FCB.COM  Infection: FCB
C:\CRS\E-F\FEIST.COM  Infection: Feist
C:\CRS\E-F\FELLOW.EXE  Infection: Better_World.A
C:\CRS\E-F\FF-MOSQ.EXE  Infection: Fax_Free.1024.Mosquito.A
C:\CRS\E-F\FF-PISEL.EXE  Infection: Fax_Free.1024.Pisello
C:\CRS\E-F\FF-TOPO.EXE  Infection: Fax_Free.1536.Topo.A
C:\CRS\E-F\FGT.COM  Infection: FGT
C:\CRS\E-F\FICHV20.COM  Infection: Fichv.2.0
C:\CRS\E-F\FICHV21.COM  Infection: Fichv.2.1
C:\CRS\E-F\FIL.COM  Infection: PCBB.1273 - Generation 1
C:\CRS\E-F\FILEHID2.COM  Infection: Filehider.789 - Modified (128 extra bytes)
C:\CRS\E-F\FILEHIDE.COM  Infection: Filehider.789
C:\CRS\E-F\FINN709.COM  Infection: Finnish.709.A
C:\CRS\E-F\FISH.COM  Infection: Frodo.Fish_6.A
C:\CRS\E-F\FISH#6.COM  Infection: Frodo.Fish_6.A
C:\CRS\E-F\FLASH.COM  Infection: Flash.688.A
C:\CRS\E-F\FLASH688.COM  Infection: Flash.688.A
C:\CRS\E-F\FLDATE11.EXE  Infection: Filedate_11.570
C:\CRS\E-F\FLEXITUP.COM  Infection: Possibly a variant of Golgi or PS-MPC
C:\CRS\E-F\FLIP.COM  Infection: Flip.2153.A - Modified (55 extra bytes)
C:\CRS\E-F\FLIP2343.COM  Infection: Flip.2343
C:\CRS\E-F\FLIPTROJ.COM  Infection: Filler.B image file
C:\CRS\E-F\FLP2153C.COM  Infection: Flip.2153.C
C:\CRS\E-F\FLP2153D.COM  Infection: Flip.2153.D
C:\CRS\E-F\FLP2343.COM  Infection: Flip.2343
C:\CRS\E-F\FONESEX.COM  Infection: Fonesex (?)
C:\CRS\E-F\FORGER.EXE  Infection: Forger
C:\CRS\E-F\FORMAT.COM  Infection: Vienna.Violator.5302
C:\CRS\E-F\FREEW692.COM  Infection: Freew.692
C:\CRS\E-F\FREEW718.COM  Infection: Freew.718.A
C:\CRS\E-F\FRODO.COM  Infection: Frodo.Frodo.A
C:\CRS\E-F\FROGS-A.COM  Infection: Frogs.A
C:\CRS\E-F\FROGSB.COM  Infection: Frogs.B
C:\CRS\E-F\FUCKYOU.COM  Infection: F-you.417.A
C:\CRS\E-F\FUTHARK.COM  Infection: Youth.970
C:\CRS\E-F\FYOU-V1.COM  Infection: New or modified variant of F-you
C:\CRS\E-F\FYOU417A.COM  Infection: F-you.417.A
C:\CRS\E-F\ELEPH-2.EXE  Elephant-2 Trojan
C:\CRS\E-F\FACE.COM  Face Joke program
C:\CRS\E-F\FACE2.COM  Face Joke program
C:\CRS\E-F\FAREN121.EXE  Farenheit-121 Trojan
C:\CRS\E-F\FATFUCK.EXE  Sccheck Trojan
C:\CRS\E-F\FIRE.EXE  Fire Trojan
C:\CRS\E-F\FROGGIE.COM  Froggie Trojan
C:\CRS\G-H\GAME770.EXE  Infection: Ungame.770
C:\CRS\G-H\GEEK.COM  Infection: Geek
C:\CRS\G-H\GEN12.COM  Infection: New or modified variant of VCL
C:\CRS\G-H\GENERIC.COM  Possibly a variant of Burger
C:\CRS\G-H\GENGHIS.COM  Infection: Jerusalem.1808 - unknown?
C:\CRS\G-H\GERG-182.COM  Infection: Gergana.182.A
C:\CRS\G-H\GERG_222.COM  Infection: Gergana.222
C:\CRS\G-H\GERG_300.COM  Infection: Gergana.300
C:\CRS\G-H\GERG_450.COM  Infection: Gergana.450
C:\CRS\G-H\GERG_512.COM  Infection: Gergana.512
C:\CRS\G-H\GETCLOCK.COM  Infection: Number_1.AIDS.A
C:\CRS\G-H\GHOST.COM  Infection: Vienna.GhostBalls.A
C:\CRS\G-H\GIRAFFE.COM  Infection: New or modified variant of Coffeeshop
C:\CRS\G-H\GLISS.COM  Infection: Gliss
C:\CRS\G-H\GOBLIN.COM  Might be a ICE-packed Murphy-dropper
C:\CRS\G-H\GOLDGELD.COM  Seems to be a PS-MPC-dropper
C:\CRS\G-H\GOOBER.COM  Infection: New or modified variant of VCL
C:\CRS\G-H\GOOBER2.COM  Infection: New or modified variant of VCL
C:\CRS\G-H\GOSIA.COM  Infection: Vienna.Gosia
C:\CRS\G-H\GOTCHA17.COM  Infection: Gotcha.627
C:\CRS\G-H\GOTCHA4.COM  Infection: Gotcha.607 - Generation 1
C:\CRS\G-H\GOTCHA9.COM  Infection: Gotcha.906 - Generation 1
C:\CRS\G-H\GOTCHAA.COM  Infection: Gotcha.879
C:\CRS\G-H\GOTCHAA1.COM  Infection: Gotcha.732 - Generation 1
C:\CRS\G-H\GOTCHAB.COM  Infection: Gotcha.881
C:\CRS\G-H\GOTCHAE.COM  Infection: Gotcha.607
C:\CRS\G-H\GRAPJE.COM  Infection: Grapje
C:\CRS\G-H\GREEMLIN.COM  Infection: Diamond.Greemlin - Generation 1
C:\CRS\G-H\GREEN.COM  Infection: Ash.743.A - Generation 1
C:\CRS\G-H\GRUNE.COM  Infection: Grune
C:\CRS\G-H\GUNMAN.COM  Infection: Anthrax - Modified (112 extra bytes)
C:\CRS\G-H\GUPPY.COM  Infection: Guppy.A
C:\CRS\G-H\GUPPY-B.COM  Infection: Guppy.A - Generation 1
C:\CRS\G-H\HACKTIC.COM  Infection: Tic.109
C:\CRS\G-H\HACKTIC2.COM  Infection: Tic.93.B
C:\CRS\G-H\HADDOCK.COM  Infection: Stupid.1355
C:\CRS\G-H\HAF-1641.EXE  Infection: Hafenstrasse.1641
C:\CRS\G-H\HAFN781.EXE  Infection: Hafenstrasse.781
C:\CRS\G-H\HAFN809.EXE  Infection: Hafenstrasse.809
C:\CRS\G-H\HAFNVRS.EXE  Infection: New or modified variant of Hafenstrasse
C:\CRS\G-H\HALLOE.COM  Infection: Halloechen.A
C:\CRS\G-H\HALLOECH.COM  Infection: Halloechen.A - Modified (473 extra bytes)
C:\CRS\G-H\HARAKIRI.EXE  Infection: HLLO.Harakiri.A
C:\CRS\G-H\HARYANTO.COM  Infection: Haryanto
C:\CRS\G-H\HASTINGS.COM  Infection: Trivial.Hastings
C:\CRS\G-H\HATE.COM  Infection: Hate
C:\CRS\G-H\HEADCRSH.COM  Infection: Headcrash.A
C:\CRS\G-H\HELLRAIS.COM  Infection: Hellraiser (?)
C:\CRS\G-H\HELW1376.EXE  Infection: Helloween.1376
C:\CRS\G-H\HERO.COM  Infection: Siskin.Hero.506
C:\CRS\G-H\HERO-394.EXE  Infection: Siskin.Hero.394
C:\CRS\G-H\HEYYOU.COM  Infection: Hey_You.A
C:\CRS\G-H\HEY_YOU.COM  Infection: Hey_You.A
C:\CRS\G-H\HH&H.COM  Infection: HH&H.4087 - Modified (18 extra bytes)
C:\CRS\G-H\HH&H-B.COM  Infection: HH&H.4091 - Modified (18 extra bytes)
C:\CRS\G-H\HIDOS.COM  Possibly a dropper program for a variant of Stoned
C:\CRS\G-H\HITCHCOK.COM  Infection: Hitchcock.1247
C:\CRS\G-H\HITCHKOK.COM  Infection: Hitchcock.1247
C:\CRS\G-H\HITLER.COM  Infection: Dreamer
C:\CRS\G-H\HIV.COM  Infection: Murphy.HIV.A - Generation 1
C:\CRS\G-H\HNY1600.EXE  Infection: Happy_New_Year.1600.A
C:\CRS\G-H\HO1154A.COM  Infection: Horse.1154.A
C:\CRS\G-H\HO1154A2.COM  Infection: Horse.1154.A - Generation 1
C:\CRS\G-H\HO1154B.COM  Infection: Horse.1154.B
C:\CRS\G-H\HO1158A.COM  Infection: Horse.1158
C:\CRS\G-H\HO1158A2.COM  Infection: Horse.1158 - Modified (432 extra bytes)
C:\CRS\G-H\HO1160A2.COM  Infection: Horse.1160 - Generation 1
C:\CRS\G-H\HO1576A.COM  Infection: Horse.1576
C:\CRS\G-H\HO1594A.COM  Infection: Horse.1594
C:\CRS\G-H\HO1610A.COM  Infection: Horse.1610
C:\CRS\G-H\HO1776A.COM  Infection: Horse.1776
C:\CRS\G-H\HO1776A2.COM  Infection: Horse.1776 - Generation 1
C:\CRS\G-H\HO2248A2.COM  Infection: Horse.2248 - Generation 1
C:\CRS\G-H\HORSDROP.COM  Seems to be a Horse_Boot-dropper
C:\CRS\G-H\HORSE1.COM  Infection: Horse.1154.A - Generation 1
C:\CRS\G-H\HORSE2.COM  Infection: Horse.1160 - Generation 1
C:\CRS\G-H\HORSE6.COM  Infection: Horse.1576 - Modified (128 extra bytes)
C:\CRS\G-H\HORSEV1.COM  Infection: New or modified variant of Horse
C:\CRS\G-H\HORSEV2.COM  Infection: New or modified variant of Horse
C:\CRS\G-H\HORSEV3.COM  Infection: New or modified variant of Horse
C:\CRS\G-H\HORSEV4.COM  Infection: New or modified variant of Horse
C:\CRS\G-H\HUN473.COM  Infection: Hungarian.473
C:\CRS\G-H\HYDRA0.COM  Infection: Pixel.Hydra.736
C:\CRS\G-H\HYDRA1.COM  Infection: Pixel.Hydra.403
C:\CRS\G-H\HYDRA2.COM  Infection: Pixel.Hydra.343
C:\CRS\G-H\HYDRA3.COM  Infection: Pixel.Hydra.342
C:\CRS\G-H\HYDRA4.COM  Infection: Pixel.Hydra.340
C:\CRS\G-H\HYDRA5.COM  Infection: Pixel.Hydra.391
C:\CRS\G-H\HYDRA6.COM  Infection: Pixel.Hydra.372
C:\CRS\G-H\HYDRA7.COM  Infection: Pixel.Hydra.368
C:\CRS\G-H\HYDRA8.COM  Infection: Pixel.Hydra.495
C:\CRS\G-H\HYMN.COM  Infection: Hymn.Hymn.A
C:\CRS\G-H\HYMN1865.EXE  Infection: Hymn.Hymn.A
C:\CRS\G-H\HYMN1962.EXE  Infection: Hymn.Sverdlov.A
C:\CRS\G-H\HYMN1962.COM  Infection: Hymn.Sverdlov.A
C:\CRS\G-H\HYMN2144.COM  Infection: Hymn.2144
C:\CRS\G-H\HYMNSVER.COM  Infection: Hymn.Sverdlov.A
C:\DD\1\!055.EXE  Infection: New or modified variant of Svir
C:\DD\1\1575-E.COM  Infection: Green_Caterpillar.1575.F - Generation 1
C:\DD\1\15APR.COM  Infection: Murphy.Swami.A - Generation 1
C:\DD\1\4FILES.COM  Infection: VCS.Standard.Vdv - Generation 1
C:\DD\1\666-B.COM  Infection: Diamond.Rock_Steady.B - Generation 1
C:\DD\1\666.COM  Infection: Diamond.Rock_Steady.A - Generation 1
C:\DD\1\66C.COM  Infection: Satan.612 - Generation 1
C:\DD\1\7SON.COM  Infection: Seventh_son.350 - Generation 1
C:\DD\1\7SON1.COM  Infection: Seventh_son.350 - Generation 1
C:\DD\1\7SON2.COM  Infection: Seventh_son.332 - Generation 1
C:\DD\1\7SON332G.COM  Infection: Seventh_son.332 - Generation 1
C:\DD\1\7SON350G.COM  Infection: Seventh_son.350 - Generation 1
C:\DD\1\ALA1560B.COM  Infection: Alabama - Generation 1
C:\DD\1\ALA1560G.COM  Infection: Alabama - Generation 1
C:\DD\1\ALABAMA.COM  Infection: Alabama - Generation 1
C:\DD\1\AMILIA.COM  Infection: Murphy.Amilia.A - Generation 1
C:\DD\1\ANTICST.COM  Infection: Murphy.AntiChrist - Generation 1
C:\DD\1\ANTICSTA.COM  Infection: Murphy.AntiChrist - Generation 1
C:\DD\1\ANTIFAG.COM  Infection: Vienna.Faggot - Generation 1
C:\DD\1\ARCREAP1.COM  Infection: Hungarian.Reaper - Generation 1
C:\DD\1\ARCSCRLL.COM  Infection: ARCV.Scroll - Generation 1
C:\DD\1\ARCV-10.COM  Infection: PS-MPC.Arcv-10 - Generation 1
C:\DD\1\ARCV-VX.COM  Infection: ARCV.X-2 - Generation 1
C:\DD\1\ARCVREAP.COM  Infection: Hungarian.Reaper - Generation 1
C:\DD\1\ARCVSCRG.COM  Infection: ARCV.Scroll - Generation 1
C:\DD\1\ARCVX2G.COM  Infection: ARCV.X-2 - Generation 1
C:\DD\1\ASH-280.COM  Infection: Ash.280 - Generation 1
C:\DD\1\ASH-743B.COM  Infection: Ash.743.A - Generation 1
C:\DD\1\ASH.COM  Infection: Ash.280 - Generation 1
C:\DD\1\ASH280G1.COM  Infection: Ash.280 - Generation 1
C:\DD\1\ASH743G1.COM  Infection: Ash.743.A - Generation 1
C:\DD\1\ATOMIC2B.COM  Infection: Atomic.831 - Truncated (84 bytes missing)
C:\DD\1\ATOMICV3.COM  Infection: Atomic.831 - Truncated (84 bytes missing)
C:\DD\1\BADTASTE.COM  Infection: Murphy.Bad_Taste - Generation 1
C:\DD\1\BAMST-01.COM  Infection: PS-MPC.Polder.A - Generation 1
C:\DD\1\BAMST-02.COM  Infection: PS-MPC.Polder.B - Generation 1
C:\DD\1\BAMST-03.COM  Infection: PS-MPC.Polder.C - Generation 1
C:\DD\1\BAMST-04.COM  Infection: PS-MPC.Polder.D - Generation 1
C:\DD\1\BAMST-05.COM  Infection: PS-MPC.Polder.E - Generation 1
C:\DD\1\BAMST-06.COM  Infection: PS-MPC.Polder.F - Generation 1
C:\DD\1\BAMST-07.COM  Infection: PS-MPC.Polder.G - Generation 1
C:\DD\1\BAMST-08.COM  Infection: PS-MPC.Polder.H - Generation 1
C:\DD\1\BAMST-09.COM  Infection: PS-MPC.Polder.I - Generation 1
C:\DD\1\BAMST-10.COM  Infection: PS-MPC.Polder.J - Generation 1
C:\DD\1\BANDIT.COM  Infection: Old_Yankee.Bandit - Generation 1
C:\DD\1\BEAST.COM  Infection: Vienna.BNB.A - Generation 1
C:\DD\1\BEST-B.COM  Infection: Best_Wishes.1024 - unknown? - Generation 1
C:\DD\1\BEST.COM  Infection: Best_Wishes.1024 - unknown? - Generation 1
C:\DD\1\BITAD-G.COM  Infection: Bit_Addict - Generation 1
C:\DD\1\BREEZE.COM  Infection: Deicide_II.358 - Generation 1
C:\DD\1\BRENDA.COM  Infection: Danish_tiny.Brenda - Generation 1
C:\DD\1\BST1024G.COM  Infection: Best_Wishes.1024 - unknown? - Generation 1
C:\DD\1\BUSH.COM  Infection: Vienna.Bush - Generation 1
C:\DD\1\BW1024B.COM  Infection: Best_Wishes.1024 - unknown? - Generation 1
C:\DD\1\CAR446G.COM  Infection: Career.446 - Generation 1
C:\DD\1\CASPER1.COM  Infection: New or modified variant of Vienna
C:\DD\1\CATANIA.COM  Infection: VCS.Paranoimia - Generation 1
C:\DD\1\CEMETERY.COM  Infection: Murphy.Cemetery - Generation 1
C:\DD\1\CH.COM  Infection: Virdem.1336.Killer.A - Generation 1
C:\DD\1\CPXK-G.COM  Infection: Cpxk - Generation 1
C:\DD\1\CREEP-B.COM  Infection: Creeper.476 - Generation 1
C:\DD\1\CREEPER.COM  Infection: Creeper.475 - Generation 1
C:\DD\1\CRP475G1.COM  Infection: Creeper.475 - Generation 1
C:\DD\1\DA-1800C.COM  Infection: Dark_Avenger.1800.A - Generation 1
C:\DD\1\DA-1800G.COM  Infection: Dark_Avenger.1800.A - Generation 1
C:\DD\1\DA-1801G.COM  Infection: Dark_Avenger.1801 - Generation 1
C:\DD\1\DA-1803G.COM  Infection: Dark_Avenger.1803 - Generation 1
C:\DD\1\DA-MIR2.COM  Infection: Dark_Avenger.MIR - Generation 1
C:\DD\1\DA-MIRG1.COM  Infection: Dark_Avenger.MIR - Generation 1
C:\DD\1\DA-OLIVG.COM  Infection: Dark_Avenger.Oliver - Generation 1
C:\DD\1\DA-VAR4.COM  Infection: Dark_Avenger.Oliver - Generation 1
C:\DD\1\DAM-FIST.COM  Infection: Screaming_Fist.I.683 - Generation 1
C:\DD\1\DAMAGE.COM  Infection: Diamond.Damage.1063 - Generation 1
C:\DD\1\DARKLORD.COM  Infection: Terror.Dark_Lord.A
C:\DD\1\DARTH-2.COM  Infection: Darth_Vader.344.C - Generation 1
C:\DD\1\DARTH.COM  Infection: Darth_Vader.344.C - Generation 1
C:\DD\1\DARTH2.COM  Infection: Darth_Vader.344.C - Generation 1
C:\DD\1\DARTH2B.COM  Infection: Darth_Vader.344.C - Generation 1
C:\DD\1\DARTH2G1.COM  Infection: Darth_Vader.344.C - Generation 1
C:\DD\1\DARTH3.COM  Infection: Darth_Vader.255.A - Generation 1
C:\DD\1\DARTH3B.COM  Infection: Darth_Vader.255.A - Generation 1
C:\DD\1\DARTH3G1.COM  Infection: Darth_Vader.255.A - Generation 1
C:\DD\1\DARTH4.COM  Infection: Darth_Vader.200 - Generation 1
C:\DD\1\DARTH4B.COM  Infection: Darth_Vader.200 - Generation 1
C:\DD\1\DARTH4G1.COM  Infection: Darth_Vader.200 - Generation 1
C:\DD\1\DAT1168G.COM  Infection: DataCrime.1168.A - Generation 1
C:\DD\1\DCR1168B.COM  Infection: DataCrime.1168.A - Generation 1
C:\DD\1\DEI2358G.COM  Infection: Deicide_II.358 - Generation 1
C:\DD\1\DI-1K_A2.COM  Infection: Diamond.1024.A - Generation 1
C:\DD\1\DI-1K_B2.COM  Infection: Diamond.1024.B - Generation 1
C:\DD\1\DI-A-G1.COM  Infection: Diamond.1024.A - Generation 1
C:\DD\1\DI-B-G1.COM  Infection: Diamond.1024.B - Generation 1
C:\DD\1\DI-DAVDG.COM  Infection: Diamond.David - Generation 1
C:\DD\1\DI-DMGAG.COM  Infection: Diamond.Damage.1063 - Generation 1
C:\DD\1\DI-DMGBG.COM  Infection: Diamond.Damage.1110 - Generation 1
C:\DD\1\DI-DMGE2.COM  Infection: Diamond.Damage.1063 - Generation 1
C:\DD\1\DI-GREEM.COM  Infection: Diamond.Greemlin - Generation 1
C:\DD\1\DI-GREMG.COM  Infection: Diamond.Greemlin - Generation 1
C:\DD\1\DI-LUCI2.COM  Infection: Diamond.Lucifer - Generation 1
C:\DD\1\DI-LUCIG.COM  Infection: Diamond.Lucifer - Generation 1
C:\DD\1\DI-RCKAG.COM  Infection: Diamond.Rock_Steady.A - Generation 1
C:\DD\1\DI-ROCK2.COM  Infection: Diamond.Rock_Steady.A - Generation 1
C:\DD\1\DI-VAR1.COM  Infection: Diamond.David - Generation 1
C:\DD\1\DIABOLIK.COM  Infection: Murphy.Diabolik - Generation 1
C:\DD\1\DIAMOND.COM  Infection: Diamond.1024.B - Generation 1
C:\DD\1\DR-NO.COM  Infection: VCS.Standard.Dr-No - Generation 1
C:\DD\1\DT-251B.COM  Infection: Danish_tiny.251 - Generation 1
C:\DD\1\DT-BREN1.COM  Infection: Danish_tiny.Brenda - Generation 1
C:\DD\1\DT-BREN2.COM  Infection: Danish_tiny.Brenda - Generation 1
C:\DD\1\DT-VAR1.COM  Infection: Danish_tiny.177 - Generation 1
C:\DD\1\DT-VAR2.COM  Infection: Danish_tiny.Wild_Thing.289 - Generation 1
C:\DD\1\EMF-683.COM  Infection: Screaming_Fist.I.683 - Generation 1
C:\DD\1\EMFII.COM  Infection: Screaming_Fist.I.683 - Generation 1
C:\DD\1\ENGLAND.COM  Infection: Made - Generation 1
C:\DD\1\ENIGMA-A.COM  Infection: Old_Yankee.Enigma.A - Generation 1
C:\DD\1\ENIGMA-B.COM  Infection: Old_Yankee.Enigma.B - Generation 1
C:\DD\1\ERASMUS.COM  Infection: Murphy.Erasmus - Generation 1
C:\DD\1\EU92421B.COM  Infection: Europe_'92.421 - Generation 1
C:\DD\1\EU92421G.COM  Infection: Europe_'92.421 - Generation 1
C:\DD\1\FAGGOT.COM  Infection: Vienna.Faggot - Generation 1
C:\DD\1\FRI416G1.COM  Infection: Friday_the_13th.416.B - Generation 1
C:\DD\1\GENIUS-C.COM  Infection: Npox.609 - Generation 1
C:\DD\1\GENIUS-D.COM  Infection: Npox.1800 - Generation 1
C:\DD\1\GENIUS-E.COM  Infection: Npox.1686 - Generation 1
C:\DD\1\GENIUS.COM  Infection: Npox.963.A - Generation 1
C:\DD\1\GOLGI20G.COM  Infection: Golgi.605 - Generation 1
C:\DD\1\GOT-732.COM  Infection: Gotcha.732 - Generation 1
C:\DD\1\GOT-906.COM  Infection: Gotcha.906 - Generation 1
C:\DD\1\GOTCHA-B.COM  Infection: Gotcha.881 - Generation 1
C:\DD\1\GOTCHA.COM  Infection: Gotcha.607 - Generation 1
C:\DD\1\GOTCHA1.COM  Infection: Gotcha.732 - Generation 1
C:\DD\1\GOTCHA4.COM  Infection: Gotcha.607 - Generation 1
C:\DD\1\GOTCHA6.COM  Infection: Gotcha.607 - Generation 1
C:\DD\1\GOTCHA7.COM  Infection: Gotcha.881 - Generation 1
C:\DD\1\GOTCHA9.COM  Infection: Gotcha.906 - Generation 1
C:\DD\1\GOTCHAA1.COM  Infection: Gotcha.732 - Generation 1
C:\DD\1\GP.EXE  Infection: New or modified variant of Jerusalem
C:\DD\1\GREEMLIN.COM  Infection: Diamond.Greemlin - Generation 1
C:\DD\1\GREEN.COM  Infection: Ash.743.A - Generation 1
C:\DD\1\GREMLIN.COM  Infection: Diamond.Greemlin - Generation 1
C:\DD\1\GRITHER.COM  Infection: Vienna.Grither - Generation 1
C:\DD\1\GRNCAT2G.COM  Infection: Green_Caterpillar.1575.F - Generation 1
C:\DD\1\GUPPY-B.COM  Infection: Guppy.A - Generation 1
C:\DD\1\GUPPY-G1.COM  Infection: Guppy.A - Generation 1
C:\DD\1\HACKER-B.COM  Infection: Horse.1154.A - Generation 1
C:\DD\1\HIV.COM  Infection: Murphy.HIV.A - Generation 1
C:\DD\1\HORSE1.COM  Infection: Horse.1154.A - Generation 1
C:\DD\1\HORSE1B.COM  Infection: Horse.1154.A - Generation 1
C:\DD\1\HORSE2.COM  Infection: Horse.1160 - Generation 1
C:\DD\1\HORSE2B2.COM  Infection: Horse.1160 - Generation 1
C:\DD\1\HORSE4B.COM  Infection: Horse.1776 - Generation 1
C:\DD\1\HORSE8.COM  Infection: Horse.2248 - Generation 1
C:\DD\1\HORSE8B.COM  Infection: Horse.2248 - Generation 1
C:\DD\1\HRS1154G.COM  Infection: Horse.1154.A - Generation 1
C:\DD\1\HRS1160G.COM  Infection: Horse.1160 - Generation 1
C:\DD\1\HRS1776G.COM  Infection: Horse.1776 - Generation 1
C:\DD\1\HRS2248G.COM  Infection: Horse.2248 - Generation 1
C:\DD\1\IGOR.COM  Infection: Npox.963.B - Generation 1
C:\DD\1\IRAQUI.COM  Infection: Vienna.Iraqui_Warrior - Generation 1
C:\DD\1\J-GP1-G1.EXE  Infection: New or modified variant of Jerusalem
C:\DD\1\J-MUM12G.COM  Infection: New or modified variant of Jerusalem
C:\DD\1\J-SOLOG1.COM  Infection: New or modified variant of Jerusalem
C:\DD\1\J13-1201.COM  Infection: July_13th.1201 - Generation 1
C:\DD\1\JD-158G1.COM  Infection: JD.158.A - Generation 1
C:\DD\1\JD_158B.COM  Infection: JD.158.A - Generation 1
C:\DD\1\JULY13.COM  Infection: July_13th.1201 - Generation 1
C:\DD\1\JULY13B.COM  Infection: July_13th.1201 - Generation 1
C:\DD\1\KAMASYA.COM  Infection: Murphy.Kamasya - Generation 1
C:\DD\1\KUANG-II.COM  Infection: Vienna.Parasite.903 - unknown? - Generation 1
C:\DD\1\KUANG.COM  Infection: Vienna.Parasite.903 - unknown? - Generation 1
C:\DD\1\LESSONG1.COM  Infection: Lesson_I.205 - Generation 1
C:\DD\1\LISBON.COM  Infection: Vienna.Violator.821.B - Generation 1
C:\DD\1\LISBON2.COM  Infection: Vienna.627.A - Generation 1
C:\DD\1\M-AMILG1.COM  Infection: Murphy.Amilia.A - Generation 1
C:\DD\1\M-ANTICG.COM  Infection: Murphy.AntiChrist - Generation 1
C:\DD\1\M-CEM-G1.COM  Infection: Murphy.Cemetery - Generation 1
C:\DD\1\M-D1778G.COM  Infection: Murphy.Delyrium.1778 - Generation 1
C:\DD\1\M-DIA-G1.COM  Infection: Murphy.Diabolik - Generation 1
C:\DD\1\M-ERA-G1.COM  Infection: Murphy.Erasmus - Generation 1
C:\DD\1\M-FINGEG.COM  Infection: Murphy.Finger - Generation 1
C:\DD\1\M-HIV-G1.COM  Infection: Murphy.HIV.A - Generation 1
C:\DD\1\M-KAM-G1.COM  Infection: Murphy.Kamasya - Generation 1
C:\DD\1\M-MIG-AG.COM  Infection: Murphy.Migram.1219 - Generation 1
C:\DD\1\M-MIG-BG.COM  Infection: Murphy.Migram.1221.A - Generation 1
C:\DD\1\M-MURP4G.COM  Infection: Murphy.1480 - Generation 1
C:\DD\1\M-S1835G.COM  Infection: Murphy.Smack.1835 - Generation 1
C:\DD\1\M-S1841G.COM  Infection: Murphy.Smack.1841 - Generation 1
C:\DD\1\M-SWAMIG.COM  Infection: Murphy.Swami.A - Generation 1
C:\DD\1\M-TORMBG.COM  Infection: Murphy.Tormentor - unknown? - Generation 1
C:\DD\1\M-TORMDG.COM  Infection: Murphy.Tormentor.D - Generation 1
C:\DD\1\MADE-G1.COM  Infection: Made - Generation 1
C:\DD\1\MANOWAR.COM  Infection: Terror.Dark_Lord.A - Modified (128 extra bytes)
C:\DD\1\MEMORAL.COM  Infection: Vienna.Memo - Generation 1
C:\DD\1\MIGRAM.COM  Infection: Murphy.Migram.1219 - Generation 1
C:\DD\1\NENIGMA.COM  Infection: Old_Yankee.Enigma.B - Generation 1
C:\DD\1\NPOX1686.COM  Infection: Npox.1686 - Generation 1
C:\DD\1\NPOX168G.COM  Infection: Npox.1686 - Generation 1
C:\DD\1\NPOX1800.COM  Infection: Npox.1800 - Generation 1
C:\DD\1\NPOX180G.COM  Infection: Npox.1800 - Generation 1
C:\DD\1\NPOX609.COM  Infection: Npox.609 - Generation 1
C:\DD\1\NPOX609G.COM  Infection: Npox.609 - Generation 1
C:\DD\1\NPOX963.COM  Infection: Npox.963.A - Generation 1
C:\DD\1\NPOX963G.COM  Infection: Npox.963.A - Generation 1
C:\DD\1\NYMPHO10.COM  Infection: Nympho.839 - Generation 1
C:\DD\1\OUTLAND.COM  Infection: Dark_Avenger.Oliver - Generation 1
C:\DD\1\PARASITE.COM  Infection: Vienna.Parasite - Generation 1
C:\DD\1\PCBB1273.COM  Infection: PCBB.1273 - Generation 1
C:\DD\1\PEST.COM  Infection: Murphy.AntiChrist - Generation 1
C:\DD\1\POX-1.COM  Infection: Npox.609 - Generation 1
C:\DD\1\PRED2.COM  Infection: Predator.1148 - Generation 1
C:\DD\1\PS!KO.COM  Infection: Dark_Avenger.1803 - Generation 1
C:\DD\1\PSARCV2G.COM  Infection: PS-MPC.ARCV-2.693 - Generation 1
C:\DD\1\PSARCV7G.COM  Infection: PS-MPC.ARCV-7 - Generation 1
C:\DD\1\PSBAM-01.COM  Infection: PS-MPC.Polder.A - Generation 1
C:\DD\1\PSBAM-02.COM  Infection: PS-MPC.Polder.B - Generation 1
C:\DD\1\PSBAM-03.COM  Infection: PS-MPC.Polder.C - Generation 1
C:\DD\1\PSBAM-04.COM  Infection: PS-MPC.Polder.D - Generation 1
C:\DD\1\PSBAM-05.COM  Infection: PS-MPC.Polder.E - Generation 1
C:\DD\1\PSBAM-07.COM  Infection: PS-MPC.Polder.G - Generation 1
C:\DD\1\PSBAM-08.COM  Infection: PS-MPC.Polder.H - Generation 1
C:\DD\1\PSBAM-09.COM  Infection: PS-MPC.Polder.I - Generation 1
C:\DD\1\PSDEMOXG.COM  Infection: PS-MPC.Demoexe - Generation 1
C:\DD\1\PSDENNSG.COM  Infection: PS-MPC.Payraise.897 - Generation 1
C:\DD\1\REDHAIR.COM  Infection: Dutch_Tiny.117 - Generation 1
C:\DD\1\REDX.COM  Infection: Ambulance.D - Generation 1
C:\DD\1\SCREAMER.COM  Infection: Screaming_Fist.I.711 - Generation 1
C:\DD\1\SCREAMII.COM  Infection: Screaming_Fist.II.838 - Generation 1
C:\DD\1\SENT-1G1.EXE  Infection: New or modified variant of Sentinel
C:\DD\1\SENT-5G1.COM  Infection: Sentinel.5 - Generation 1
C:\DD\1\SF-2838G.COM  Infection: Screaming_Fist.II.838 - Generation 1
C:\DD\1\SF-I-G1.COM  Infection: Screaming_Fist.I.711 - Generation 1
C:\DD\1\SF-STRNG.COM  Infection: Screaming_Fist.Stranger - Generation 1
C:\DD\1\SK.COM  Infection: Tolbuhin.992.A - Generation 1
C:\DD\1\SK20H.COM  Infection: Tolbuhin.1004.A - Generation 1
C:\DD\1\SMALLEX@.COM  Infection: PS-MPC.349 - Generation 1
C:\DD\1\SMALLVAR.COM  Infection: PS-MPC.Demoexe - Generation 1
C:\DD\1\SVIR-G1.EXE  Infection: New or modified variant of Svir
C:\DD\1\TERR-TG1.COM  Infection: Terror.Dark_Lord.A - Modified (128 extra bytes)
C:\DD\1\TERROR-D.COM  Infection: Terror.Dark_Lord.A
C:\DD\1\TERROR2.COM  Infection: Terror.Dark_Lord.A - Modified (128 extra bytes)
C:\DD\1\TESTVBG1.COM  Infection: Testvirus-B.A - Generation 1
C:\DD\1\TIDI128B.COM  Infection: Tiny_DI.Grower
C:\DD\1\TIMD306G.COM  Infection: Timid.306 - Generation 1
C:\DD\1\TINY117.COM  Infection: Dutch_Tiny.117 - Generation 1
C:\DD\1\TINY177G.COM  Infection: Danish_tiny.177 - Generation 1
C:\DD\1\TINY251G.COM  Infection: Danish_tiny.251 - Generation 1
C:\DD\1\TINY310G.COM  Infection: Danish_tiny.310.A - Generation 1
C:\DD\1\TINYB.COM  Infection: Danish_tiny.177 - Generation 1
C:\DD\1\TINYBRNG.COM  Infection: Danish_tiny.Brenda - Generation 1
C:\DD\1\TINYC.COM  Infection: Danish_tiny.180 - Generation 1
C:\DD\1\TINYD.COM  Infection: Danish_tiny.251 - Generation 1
C:\DD\1\TINYF.COM  Infection: Danish_tiny.310.A - Generation 1
C:\DD\1\TINYFV11.COM  Infection: Danish_tiny.310.A - Generation 1
C:\DD\1\TINYWILD.COM  Infection: Danish_tiny.Wild_Thing.289 - Generation 1
C:\DD\1\TOL0992G.COM  Infection: Tolbuhin.992.A - Generation 1
C:\DD\1\TOL1004G.COM  Infection: Tolbuhin.1004.A - Generation 1
C:\DD\1\TOL1147G.COM  Infection: Tolbuhin.1147 - Generation 1
C:\DD\1\TOLCRKG1.COM  Infection: Tolbuhin.626 - Generation 1
C:\DD\1\TPE611.COM  Infection: Trident.611 - Generation 1
C:\DD\1\TPE90210.COM  Infection: Trident.647 - Generation 1
C:\DD\1\TRBK306G.COM  Infection: Traceback.3066.A - Generation 1
C:\DD\1\TSOTL.COM  Infection: Dy - Generation 1
C:\DD\1\V-353-G1.COM  Infection: Vienna.353.A - Generation 1
C:\DD\1\V-353B.COM  Infection: Vienna.353.A - Generation 1
C:\DD\1\V-367-G1.COM  Infection: Vienna.367 - Generation 1
C:\DD\1\V-367B.COM  Infection: Vienna.367 - Generation 1
C:\DD\1\V-435-G1.COM  Infection: Vienna.435.A - Generation 1
C:\DD\1\V-435B.COM  Infection: Vienna.435.A - Generation 1
C:\DD\1\V-583A2.COM  Infection: Vienna.583.A - Generation 1
C:\DD\1\V-583AG1.COM  Infection: Vienna.583.A - Generation 1
C:\DD\1\V-627-G1.COM  Infection: Vienna.627.A - Generation 1
C:\DD\1\V-627B.COM  Infection: Vienna.627.A - Generation 1
C:\DD\1\V-719G1.COM  Infection: Vienna.719 - Generation 1
C:\DD\1\V-BETAB2.COM  Infection: Vienna.Betaboys - Generation 1
C:\DD\1\V-BETABG.COM  Infection: Vienna.Betaboys - Generation 1
C:\DD\1\V-BNB-G1.COM  Infection: New or modified variant of Vienna
C:\DD\1\V-BNB2.COM  Infection: Vienna.BNB.A - Generation 1
C:\DD\1\V-BUSH.COM  Infection: Vienna.Bush - Generation 1
C:\DD\1\V-CHVIOB.COM  Infection: Vienna.Violator.5302 - Generation 1
C:\DD\1\V-FAGGOT.COM  Infection: Vienna.Faggot - Generation 1
C:\DD\1\V-GRITH1.COM  Infection: Vienna.Grither - Generation 1
C:\DD\1\V-GRITHB.COM  Infection: Vienna.Grither - Generation 1
C:\DD\1\V-INTRC2.COM  Infection: Vienna.Interceptor - Generation 1
C:\DD\1\V-IRAQI2.COM  Infection: Vienna.Iraqui_Warrior - Generation 1
C:\DD\1\V-IRAQUI.COM  Infection: Vienna.Iraqui_Warrior - Generation 1
C:\DD\1\V-MEMO2G.COM  Infection: Vienna.Memo - Generation 1
C:\DD\1\V-PAR-G1.COM  Infection: Vienna.Parasite - Generation 1
C:\DD\1\V-PAR2BG.COM  Infection: Vienna.Parasite.903 - unknown? - Generation 1
C:\DD\1\V-PARA_B.COM  Infection: Vienna.Parasite - Generation 1
C:\DD\1\V-SMOB1B.COM  Infection: Vienna.Sicilian_Mob_1a - Generation 1
C:\DD\1\V-VAR1.COM  Infection: Vienna.Violator.821.A - Generation 1
C:\DD\1\V-VENG2.COM  Infection: Vienna.Vengeance - Generation 1
C:\DD\1\V-VENGEA.COM  Infection: Vienna.Vengeance - Generation 1
C:\DD\1\V-VH348B.COM  Infection: Vienna.VHP.348 - Generation 1
C:\DD\1\V-VHP348.COM  Infection: Vienna.VHP.348 - Generation 1
C:\DD\1\V-VILAG1.COM  Infection: Vienna.Violator.1055 - Generation 1
C:\DD\1\V-VILB1G.COM  Infection: Vienna.Violator.716.C - Generation 1
C:\DD\1\V-VILB2G.COM  Infection: Vienna.Violator.969 - Generation 1
C:\DD\1\V-VILB3C.COM  Infection: Vienna.Violator.821.A - Generation 1
C:\DD\1\V-VILB3G.COM  Infection: Vienna.Violator.843.B - Generation 1
C:\DD\1\V-VILB4G.COM  Infection: Vienna.Violator.5302 - Generation 1
C:\DD\1\V-VIOB2B.COM  Infection: Vienna.Violator.969 - Generation 1
C:\DD\1\V-VIOB3B.COM  Infection: Vienna.Violator.843.B - Generation 1
C:\DD\1\V-VIOBB.COM  Infection: Vienna.Violator.716.C - Generation 1
C:\DD\1\V-VIPER.COM  Infection: Vienna.Viperize - Generation 1
C:\DD\1\V-VIPRZ2.COM  Infection: Vienna.Viperize - Generation 1
C:\DD\1\V1024-A.COM  Infection: Diamond.1024.A - Generation 1
C:\DD\1\V1024.COM  Infection: Diamond.1024.A - Generation 1
C:\DD\1\V2PXCASG.COM  Infection: New or modified variant of Vienna
C:\DD\1\VCS101.COM  Infection: VCS.Standard.Dr-No - Generation 1
C:\DD\1\VCS101.COM  Infection: VCS.Standard.Dr-No - Generation 1
C:\DD\1\VCSVCSG1.COM  Infection: VCS.Standard.Dr-No - Generation 1
C:\DD\1\VCS_INF.COM  Infection: VCS.Standard.Config - Generation 1
C:\DD\1\VENG.COM  Infection: Vienna.Vengeance - Generation 1
C:\DD\1\VHP-348.COM  Infection: Vienna.VHP.348 - Generation 1
C:\DD\1\VHP-353.COM  Infection: Vienna.353.A - Generation 1
C:\DD\1\VHP-367.COM  Infection: Vienna.367 - Generation 1
C:\DD\1\VHP-435.COM  Infection: Vienna.435.A - Generation 1
C:\DD\1\VHP-627.COM  Infection: Vienna.627.A - Generation 1
C:\DD\1\VIOL-B.COM  Infection: Vienna.Violator.716.C - Generation 1
C:\DD\1\VIOL-B2.COM  Infection: Vienna.Violator.969 - Generation 1
C:\DD\1\VIOL-B3.COM  Infection: Vienna.Violator.843.B - Generation 1
C:\DD\1\VIOL-C.COM  Infection: Vienna.Violator.821.A - Generation 1
C:\DD\1\VIOL.COM  Infection: Vienna.Violator.5302 - Generation 1
C:\DD\1\VIOLITE.COM  Infection: Vienna.Vio-Lite - Generation 1
C:\DD\1\VIPERIZE.COM  Infection: Vienna.Viperize - Generation 1
C:\DD\1\VIR106E1.COM  Infection: Virdem.1336.English - Generation 1
C:\DD\1\VIRD106E.COM  Infection: Virdem.1336.English - Generation 1
C:\DD\1\VIRDEM.COM  Infection: Virdem.1336.English - Generation 1
C:\DD\1\VIRDKILL.COM  Infection: Virdem.1336.Killer.A - Generation 1
C:\DD\1\VIRDLOCK.COM  Infection: Virdem.1336.Locked.A - Generation 1
C:\DD\1\VIRDVAR1.COM  Infection: Virdem.1336.Locked.A - Generation 1
C:\DD\1\VIRDWOND.COM  Infection: Virdem.1336.Killer.B - Generation 1
C:\DD\1\VIRU090G.COM  Infection: Virus-90 - Generation 1
C:\DD\1\VIRU101M.COM  Infection: Virus-101 - Generation 1
C:\DD\1\VIRUS-90.COM  Infection: Virus-90 - Generation 1
C:\DD\1\VIRUS.COM  Infection: VCS.Standard.Config - Generation 1
C:\DD\1\VIRUS101.COM  Infection: Virus-101 - Generation 1
C:\DD\1\VIRUS2.COM  Infection: Vienna.627.A - Generation 1
C:\DD\1\VIRUS90B.COM  Infection: Virus-90 - Generation 1
C:\DD\1\X-1.COM  Infection: X-1.570 - Generation 1
C:\DD\1\Y-BANDT1.COM  Infection: Old_Yankee.Bandit - Generation 1
C:\DD\1\Y-BLKWZ2.COM  Infection: Old_Yankee.Black_Wizard - Generation 1
C:\DD\1\Y-ENIGM2.COM  Infection: Old_Yankee.Enigma.A - Generation 1
C:\DD\1\Y-YANK1B.COM  Infection: Old_Yankee.1961.A - Generation 1
C:\DD\1\YANSHORT.COM  Infection: Old_Yankee.1961.A - Generation 1
C:\DD\1\YNK-BLKW.COM  Infection: Old_Yankee.Black_Wizard - Generation 1
C:\DD\1\YNK-BNG1.COM  Infection: Old_Yankee.Bandit - Generation 1
C:\DD\1\YNK-ENIG.COM  Infection: Old_Yankee.Enigma.A - Generation 1
C:\DD\1\YNK-OLD1.COM  Infection: Old_Yankee.1961.A - Generation 1
C:\DD\1\Z-HUNT.COM  Infection: Zero_Hunter.415 - Generation 1
C:\DD\1\ZEROHUG1.COM  Infection: Zero_Hunter.415 - Generation 1
C:\DD\1\PSARCV8G.COM  Infection: PS-MPC.ARCV-8 - Generation 1
C:\DD\1\PS574G.COM  Infection: PS-MPC.574.A - Generation 1
C:\DD\1\V-849G.COM  Infection: Vienna.849 - Generation 1
C:\DD\1\TINY180G.COM  Infection: Danish_tiny.180 - Generation 1
C:\DD\1\PS-DEMEX.COM  Infection: PS-MPC.Demoexe - Generation 1
C:\DD\1\CEMETARY.EXE  Infection: Murphy.Cemetery - Generation 1
C:\DD\1\CEMETERY.EXE  Infection: Murphy.Cemetery - Generation 1
C:\DD\1\CREEPER.EXE  Infection: Creeper.475 - Generation 1
C:\DD\1\CRP475A.EXE  Infection: Creeper.475 - Generation 1
C:\DD\1\DA-1800C.EXE  Infection: Dark_Avenger.1800.A - Generation 1
C:\DD\1\DA-1803B.EXE  Infection: Dark_Avenger.1803 - Generation 1
C:\DD\1\DA-MIR2.EXE  Infection: Dark_Avenger.MIR - Generation 1
C:\DD\1\DA-OLIVB.EXE  Infection: Dark_Avenger.Oliver - Generation 1
C:\DD\1\DARKLORD.EXE  Infection: Terror.Dark_Lord.A
C:\DD\1\DEICIDE3.COM  Infection: Deicide_II.358 - Generation 1
C:\DD\1\DI-A2.EXE  Infection: Diamond.1024.A - Generation 1
C:\DD\1\DI-B2.EXE  Infection: Diamond.1024.B - Generation 1
C:\DD\1\DI-DAVDB.EXE  Infection: Diamond.David - Generation 1
C:\DD\1\DI-DMGE2.EXE  Infection: Diamond.Damage.1063 - Generation 1
C:\DD\1\DI-GREEM.EXE  Infection: Diamond.Greemlin - Generation 1
C:\DD\1\DI-LUCI2.EXE  Infection: Diamond.Lucifer - Generation 1
C:\DD\1\DI-ROCK2.EXE  Infection: Diamond.Rock_Steady.A - Generation 1
C:\DD\1\DIABOLIK.EXE  Infection: Murphy.Diabolik - Generation 1
C:\DD\1\DIAMOND.EXE  Infection: Diamond.1024.B - Generation 1
C:\DD\1\DT-117A.COM  Infection: Dutch_Tiny.117 - Generation 1
C:\DD\1\DT-310A.COM  Infection: Danish_tiny.310.A - Generation 1
C:\DD\1\ENIGMA.EXE  Infection: Old_Yankee.Enigma.A - Generation 1
C:\DD\1\EU92421B.EXE  Infection: Europe_'92.421 - Generation 1
C:\DD\1\GOTCHA4.EXE  Infection: Gotcha.607 - Generation 1
C:\DD\1\GOTCHAA1.EXE  Infection: Gotcha.732 - Generation 1
C:\DD\1\HIV.EXE  Infection: Murphy.HIV.A - Generation 1
C:\DD\1\HO1154A2.EXE  Infection: Horse.1154.A - Generation 1
C:\DD\1\HO1160A2.EXE  Infection: Horse.1160 - Generation 1
C:\DD\1\HO1776A2.EXE  Infection: Horse.1776 - Generation 1
C:\DD\1\HO2248A2.EXE  Infection: Horse.2248 - Generation 1
C:\DD\1\JULY13B.EXE  Infection: July_13th.1201 - Generation 1
C:\DD\1\LESSON1B.COM  Infection: Lesson_I.205 - Generation 1
C:\DD\1\M-AMIL_B.EXE  Infection: Murphy.Amilia.A - Generation 1
C:\DD\1\M-ANTIC2.EXE  Infection: Murphy.AntiChrist - Generation 1
C:\DD\1\M-CEMTR2.EXE  Infection: Murphy.Cemetery - Generation 1
C:\DD\1\M-DIABL2.EXE  Infection: Murphy.Diabolik - Generation 1
C:\DD\1\M-ERASM2.EXE  Infection: Murphy.Erasmus - Generation 1
C:\DD\1\M-FINGER.EXE  Infection: Murphy.Finger - Generation 1
C:\DD\1\M-HIV2.EXE  Infection: Murphy.HIV.A - Generation 1
C:\DD\1\M-KMSYA2.EXE  Infection: Murphy.Kamasya - Generation 1
C:\DD\1\M-MIGRA2.EXE  Infection: Murphy.Migram.1219 - Generation 1
C:\DD\1\M-MIGRB2.EXE  Infection: Murphy.Migram.1221.A - Generation 1
C:\DD\1\M-MURP4B.EXE  Infection: Murphy.1480 - Generation 1
C:\DD\1\M-SM1842.EXE  Infection: Murphy.Smack.1841 - Generation 1
C:\DD\1\M-SWAMIB.EXE  Infection: Murphy.Swami.A - Generation 1
C:\DD\1\M-TORMD2.EXE  Infection: Murphy.Tormentor.D - Generation 1
C:\DD\1\MADE-B.COM  Infection: Made - Generation 1
C:\DD\1\MPALIEN1.EXE  Infection: PS-MPC.Alien.571 - Generation 1
C:\DD\1\MPALIEN3.EXE  Infection: PS-MPC.Alien.625 - Generation 1
C:\DD\1\MPARCV2.EXE  Infection: PS-MPC.ARCV-2.693 - Generation 1
C:\DD\1\MPARCV7B.EXE  Infection: PS-MPC.ARCV-7 - Generation 1
C:\DD\1\MUAD'DIB.EXE  Infection: Cpxk - Generation 1
C:\DD\1\NPOX1686.EXE  Infection: Npox.1686 - Generation 1
C:\DD\1\NPOX1800.EXE  Infection: Npox.1800 - Generation 1
C:\DD\1\NPOX609.EXE  Infection: Npox.609 - Generation 1
C:\DD\1\NPOX963.EXE  Infection: Npox.963.A - Generation 1
C:\DD\1\SF-IIA2.COM  Infection: Screaming_Fist.II.838 - Generation 1
C:\DD\1\SF-SCRM2.EXE  Infection: Screaming_Fist.I.711 - Generation 1
C:\DD\1\SMALLEX2.COM  Infection: PS-MPC.Demoexe - Generation 1
C:\DD\1\SMALLEXE.COM  Infection: PS-MPC.349 - Generation 1
C:\DD\1\SMOB1A.COM  Infection: Vienna.Sicilian_Mob_1a - Generation 1
C:\DD\1\T-DI128B.COM  Infection: Tiny_DI.Grower
C:\DD\1\TERROR-D.EXE  Infection: Terror.Dark_Lord.A
C:\DD\1\TERROR2.EXE  Infection: Terror.Dark_Lord.A - Modified (128 extra bytes)
C:\DD\1\TOL0992A.COM  Infection: Tolbuhin.992.A - Generation 1
C:\DD\1\TOL1004B.COM  Infection: Tolbuhin.1004.A - Generation 1
C:\DD\1\TOL1147A.COM  Infection: Tolbuhin.1147 - Generation 1
C:\DD\1\V-719A.COM  Infection: Vienna.719 - Generation 1
C:\DD\1\V-MEM20B.COM  Infection: Vienna.Memo - Generation 1
C:\DD\1\V-PARA1B.COM  Infection: Vienna.Parasite - Generation 1
C:\DD\1\V-VIOB1B.COM  Infection: Vienna.Violator.716.C - Generation 1
C:\DD\1\V-VIOB3D.COM  Infection: Vienna.Violator.821.A - Generation 1
C:\DD\1\V-VIOB4B.COM  Infection: Vienna.Violator.5302 - Generation 1
C:\DD\1\VIRUS90B.EXE  Infection: Virus-90 - Generation 1
C:\DD\1\V_LES1.COM  Infection: Lesson_I.205 - Generation 1
C:\DD\1\Y-BANDT1.EXE  Infection: Old_Yankee.Bandit - Generation 1
C:\DD\1\Y-BLKWZ2.EXE  Infection: Old_Yankee.Black_Wizard - Generation 1
C:\DD\1\Y-ENIGM2.EXE  Infection: Old_Yankee.Enigma.A - Generation 1
C:\DD\1\Y-YANK1B.EXE  Infection: Old_Yankee.1961.A - Generation 1
C:\DD\1\YANSHORT.EXE  Infection: Old_Yankee.1961.A - Generation 1
C:\ACID\Q'EVIL.VOM  Infection: Acid.670 - Generation 1
C:\TAIPAN\CHKVIRUS.EXE  Infection: Tai-Pan.666
Scanning boot sector D:
Scanning volume DRIVEDDD   
Note: D:\DOS\PKUNLITE.EXE has been inoculated by Central Point Anti-Virus.
D:\DOS\TADD.EXE is an "armored" program.
This means that it uses some "tricks" to make disassembly and analysis
difficult.  Many games and utilities employ this type of protection,
but it is also used by some viruses to make heuristic analysis difficult.

Results of virus scanning:

Files: 4673  (61.1 MB)
Scanned: 4673  (61.1 MB)
Infected: 613
Suspicious: 5
Disinfected: 0
Deleted: 0
Renamed: 0

MBR's: 2
DOS boot sectors: 2
Infected: 0
Suspicious: 0
Disinfected: 0

Time: 34:16
