Virus scanning report  -  8. January 1994   23:32

F-PROT 2.10 created 16. November 1993
Virus signatures created 10. November 1993

Method: Secure Scan
Search: D:\TRAN
Action: Report only
Targets: Boot/File/Packed
Files: All files

Memory was not scanned.
Scanning MBR of hard disk 1
Scanning MBR of hard disk 2
Scanning boot sector D:
D:\TRAN\!055.EXE  Infection: Svir (Generation 1)
D:\TRAN\1575-E.COM  Infection: Green Caterpillar (B - Generation 1)
D:\TRAN\15APR.COM  Infection: Murphy (Swami - Generation 1)
D:\TRAN\4FILES.COM  Infection: VCS (Standard - unknown? - Generation 1)
D:\TRAN\666-B.COM  Infection: Diamond (Rock Steady.B - Generation 1)
D:\TRAN\666.COM  Infection: Diamond (Rock Steady.A - Generation 1)
D:\TRAN\66C.COM  Infection: Satan (612 - Generation 1)
D:\TRAN\7SON.COM  Infection: Seventh son (350 - Generation 1)
D:\TRAN\7SON1.COM  Infection: Seventh son (350 - Generation 1)
D:\TRAN\7SON2.COM  Infection: Seventh son (332 - Generation 1)
D:\TRAN\7SON332G.COM  Infection: Seventh son (332 - Generation 1)
D:\TRAN\7SON350G.COM  Infection: Seventh son (350 - Generation 1)
D:\TRAN\ALA1560B.COM  Infection: Alabama (Generation 1)
D:\TRAN\ALA1560G.COM  Infection: Alabama (Generation 1)
D:\TRAN\ALABAMA.COM  Infection: Alabama (Generation 1)
D:\TRAN\AMILIA.COM  Infection: Murphy (Amilia - Generation 1)
D:\TRAN\ANTICST.COM  Infection: Murphy (AntiChrist - Generation 1)
D:\TRAN\ANTICSTA.COM  Infection: Murphy (AntiChrist - Generation 1)
D:\TRAN\ANTIFAG.COM  Infection: Vienna (Faggot - Generation 1)
D:\TRAN\ARCREAP1.COM  Infection: Hungarian (ARCV.Reaper - Generation 1)
D:\TRAN\ARCSCRLL.COM  Infection: ARCV (Scroll - Generation 1)
D:\TRAN\ARCV-10.COM  Infection: PS-MPC (Arcv-10 - Generation 1)
D:\TRAN\ARCV-VX.COM  Infection: ARCV (X-2 - Generation 1)
D:\TRAN\ARCVREAP.COM  Infection: Hungarian (ARCV.Reaper - Generation 1)
D:\TRAN\ARCVSCRG.COM  Infection: ARCV (Scroll - Generation 1)
D:\TRAN\ARCVX2G.COM  Infection: ARCV (X-2 - Generation 1)
D:\TRAN\ASH-280.COM  Infection: Ash (280 - Generation 1)
D:\TRAN\ASH-743B.COM  Infection: Ash (743 - Generation 1)
D:\TRAN\ASH.COM  Infection: Ash (280 - Generation 1)
D:\TRAN\ASH280G1.COM  Infection: Ash (280 - Generation 1)
D:\TRAN\ASH743G1.COM  Infection: Ash (743 - Generation 1)
D:\TRAN\ATOMIC2B.COM  Infection: Atomic (831 - Generation 1)
D:\TRAN\ATOMICV3.COM  Infection: Atomic (831 - Generation 1)
D:\TRAN\BADTASTE.COM  Infection: Murphy (Bad Taste - Generation 1)
D:\TRAN\BAMST-01.COM  Infection: PS-MPC (Polder.A - Generation 1)
D:\TRAN\BAMST-02.COM  Infection: PS-MPC (Polder.B - Generation 1)
D:\TRAN\BAMST-03.COM  Infection: PS-MPC (Polder.C - Generation 1)
D:\TRAN\BAMST-04.COM  Infection: PS-MPC (Polder.D - Generation 1)
D:\TRAN\BAMST-05.COM  Infection: PS-MPC (Polder.E - Generation 1)
D:\TRAN\BAMST-06.COM  Infection: PS-MPC (Polder.I - Generation 1)
D:\TRAN\BAMST-07.COM  Infection: PS-MPC (Polder.G - Generation 1)
D:\TRAN\BAMST-08.COM  Infection: PS-MPC (Polder.H - Generation 1)
D:\TRAN\BAMST-09.COM  Infection: PS-MPC (Polder.I - Generation 1)
D:\TRAN\BAMST-10.COM  Infection: PS-MPC (Polder.I - Generation 1)
D:\TRAN\BANDIT.COM  Infection: Old Yankee (Bandit - Generation 1)
D:\TRAN\BEAST.COM  Infection: Vienna (BNB - Generation 1)
D:\TRAN\BEST-B.COM  Infection: Best Wishes (1024 - unknown? - Generation 1)
D:\TRAN\BEST.COM  Infection: Best Wishes (1024 - unknown? - Generation 1)
D:\TRAN\BITAD-G.COM  Infection: Bit Addict (Generation 1)
D:\TRAN\BREEZE.COM  Infection: Deicide II (358 - Generation 1)
D:\TRAN\BRENDA.COM  Infection: Danish tiny (Brenda - Generation 1)
D:\TRAN\BST1024G.COM  Infection: Best Wishes (1024 - unknown? - Generation 1)
D:\TRAN\BUSH.COM  Infection: Vienna (Bush - Generation 1)
D:\TRAN\BW1024B.COM  Infection: Best Wishes (1024 - unknown? - Generation 1)
D:\TRAN\CAR446G.COM  Infection: Career (446 - Generation 1)
D:\TRAN\CASPER1.COM  Infection: V2Px (Casper - Generation 1)
D:\TRAN\CATANIA.COM  Infection: VCS (Paranoimia - Generation 1)
D:\TRAN\CEMETERY.COM  Infection: Murphy (Cemetery - Generation 1)
D:\TRAN\CH.COM  Infection: Virdem (1336.Killer.A - Generation 1)
D:\TRAN\CPXK-G.COM  Infection: Cpxk (Generation 1)
D:\TRAN\CREEP-B.COM  Infection: Creeper (476 - Generation 1)
D:\TRAN\CREEPER.COM  Infection: Creeper (475 - Generation 1)
D:\TRAN\CRP475G1.COM  Infection: Creeper (475 - Generation 1)
D:\TRAN\DA-1800C.COM  Infection: Dark Avenger (1800.A - Generation 1)
D:\TRAN\DA-1800G.COM  Infection: Dark Avenger (1800.A - Generation 1)
D:\TRAN\DA-1801G.COM  Infection: Dark Avenger (1801 - Generation 1)
D:\TRAN\DA-1803G.COM  Infection: Dark Avenger (1803 - Generation 1)
D:\TRAN\DA-MIR2.COM  Infection: Dark Avenger (MIR - Generation 1)
D:\TRAN\DA-MIRG1.COM  Infection: Dark Avenger (MIR - Generation 1)
D:\TRAN\DA-OLIVG.COM  Infection: Dark Avenger (Oliver - Generation 1)
D:\TRAN\DA-VAR4.COM  Infection: Dark Avenger (Oliver - Generation 1)
D:\TRAN\DAM-FIST.COM  Infection: Screaming Fist (I.683 - Generation 1)
D:\TRAN\DAMAGE.COM  Infection: Diamond (Damage.1063 - Generation 1)
D:\TRAN\DARKLORD.COM  Infection: Terror (Terror - Generation 1)
D:\TRAN\DARTH-2.COM  Infection: Darth Vader (344.C - Generation 1)
D:\TRAN\DARTH.COM  Infection: Darth Vader (344.C - Generation 1)
D:\TRAN\DARTH2.COM  Infection: Darth Vader (344.C - Generation 1)
D:\TRAN\DARTH2B.COM  Infection: Darth Vader (344.C - Generation 1)
D:\TRAN\DARTH2G1.COM  Infection: Darth Vader (344.C - Generation 1)
D:\TRAN\DARTH3.COM  Infection: Darth Vader (255.A - Generation 1)
D:\TRAN\DARTH3B.COM  Infection: Darth Vader (255.A - Generation 1)
D:\TRAN\DARTH3G1.COM  Infection: Darth Vader (255.A - Generation 1)
D:\TRAN\DARTH4.COM  Infection: Darth Vader (200 - Generation 1)
D:\TRAN\DARTH4B.COM  Infection: Darth Vader (200 - Generation 1)
D:\TRAN\DARTH4G1.COM  Infection: Darth Vader (200 - Generation 1)
D:\TRAN\DAT1168G.COM  Infection: DataCrime (1168.A - Generation 1)
D:\TRAN\DCR1168B.COM  Infection: DataCrime (1168.A - Generation 1)
D:\TRAN\DEI2358G.COM  Infection: Deicide II (358 - Generation 1)
D:\TRAN\DI-1K_A2.COM  Infection: Diamond (1024.A - Generation 1)
D:\TRAN\DI-1K_B2.COM  Infection: Diamond (1024.B - Generation 1)
D:\TRAN\DI-A-G1.COM  Infection: Diamond (1024.A - Generation 1)
D:\TRAN\DI-B-G1.COM  Infection: Diamond (1024.B - Generation 1)
D:\TRAN\DI-DAVDG.COM  Infection: Diamond (David - Generation 1)
D:\TRAN\DI-DMGAG.COM  Infection: Diamond (Damage.1063 - Generation 1)
D:\TRAN\DI-DMGBG.COM  Infection: Diamond (Damage.1110 - Generation 1)
D:\TRAN\DI-DMGE2.COM  Infection: Diamond (Damage.1063 - Generation 1)
D:\TRAN\DI-GREEM.COM  Infection: Diamond (Greemlin - Generation 1)
D:\TRAN\DI-GREMG.COM  Infection: Diamond (Greemlin - Generation 1)
D:\TRAN\DI-LUCI2.COM  Infection: Diamond (Lucifer - Generation 1)
D:\TRAN\DI-LUCIG.COM  Infection: Diamond (Lucifer - Generation 1)
D:\TRAN\DI-RCKAG.COM  Infection: Diamond (Rock Steady.A - Generation 1)
D:\TRAN\DI-ROCK2.COM  Infection: Diamond (Rock Steady.A - Generation 1)
D:\TRAN\DI-VAR1.COM  Infection: Diamond (David - Generation 1)
D:\TRAN\DIABOLIK.COM  Infection: Murphy (Diabolik - Generation 1)
D:\TRAN\DIAMOND.COM  Infection: Diamond (1024.B - Generation 1)
D:\TRAN\DR-NO.COM  Infection: VCS (Standard - unknown? - Generation 1)
D:\TRAN\DT-251B.COM  Infection: Danish tiny (251 - Generation 1)
D:\TRAN\DT-BREN1.COM  Infection: Danish tiny (Brenda - Generation 1)
D:\TRAN\DT-BREN2.COM  Infection: Danish tiny (Brenda - Generation 1)
D:\TRAN\DT-VAR1.COM  Infection: Danish tiny (177 - Generation 1)
D:\TRAN\DT-VAR2.COM  Infection: Danish tiny (Wild Thing - Generation 1)
D:\TRAN\EMF-683.COM  Infection: Screaming Fist (I.683 - Generation 1)
D:\TRAN\EMFII.COM  Infection: Screaming Fist (I.683 - Generation 1)
D:\TRAN\ENGLAND.COM  Infection: Made (Generation 1)
D:\TRAN\ENIGMA-A.COM  Infection: Old Yankee (Enigma - Generation 1)
D:\TRAN\ENIGMA-B.COM  Infection: Old Yankee (Enigma - Generation 1)
D:\TRAN\ERASMUS.COM  Infection: Murphy (Erasmus - Generation 1)
D:\TRAN\EU92421B.COM  Infection: Europe '92 (421 - Generation 1)
D:\TRAN\EU92421G.COM  Infection: Europe '92 (421 - Generation 1)
D:\TRAN\FAGGOT.COM  Infection: Vienna (Faggot - Generation 1)
D:\TRAN\FRI416G1.COM  Infection: Friday the 13th (416 - Generation 1)
D:\TRAN\GENIUS-C.COM  Infection: Npox (609 - Generation 1)
D:\TRAN\GENIUS-D.COM  Infection: Npox (1800 - Generation 1)
D:\TRAN\GENIUS-E.COM  Infection: Npox (1686 - Generation 1)
D:\TRAN\GENIUS.COM  Infection: Npox (963 - Generation 1)
D:\TRAN\GOLGI20G.COM  Infection: Golgi (605 - Generation 1)
D:\TRAN\GOT-732.COM  Infection: Gotcha (732 - Generation 1)
D:\TRAN\GOT-906.COM  Infection: Gotcha (906 - Generation 1)
D:\TRAN\GOTCHA-B.COM  Infection: Gotcha (881 - Generation 1)
D:\TRAN\GOTCHA.COM  Infection: Gotcha (607 - Generation 1)
D:\TRAN\GOTCHA1.COM  Infection: Gotcha (732 - Generation 1)
D:\TRAN\GOTCHA4.COM  Infection: Gotcha (607 - Generation 1)
D:\TRAN\GOTCHA6.COM  Infection: Gotcha (607 - Generation 1)
D:\TRAN\GOTCHA7.COM  Infection: Gotcha (881 - Generation 1)
D:\TRAN\GOTCHA9.COM  Infection: Gotcha (906 - Generation 1)
D:\TRAN\GOTCHAA1.COM  Infection: Gotcha (732 - Generation 1)
D:\TRAN\GP.EXE  Infection: Jerusalem (GP1 - Generation 1)
D:\TRAN\GREEMLIN.COM  Infection: Diamond (Greemlin - Generation 1)
D:\TRAN\GREEN.COM  Infection: Ash (743 - Generation 1)
D:\TRAN\GREMLIN.COM  Infection: Diamond (Greemlin - Generation 1)
D:\TRAN\GRITHER.COM  Infection: Vienna (Grither - Generation 1)
D:\TRAN\GRNCAT2G.COM  Infection: Green Caterpillar (B - Generation 1)
D:\TRAN\GUPPY-B.COM  Infection: Guppy (unknown? - Generation 1)
D:\TRAN\GUPPY-G1.COM  Infection: Guppy (unknown? - Generation 1)
D:\TRAN\HACKER-B.COM  Infection: Horse (1154.A - Generation 1)
D:\TRAN\HIV.COM  Infection: Murphy (HIV.A - Generation 1)
D:\TRAN\HORSE1.COM  Infection: Horse (1154.A - Generation 1)
D:\TRAN\HORSE1B.COM  Infection: Horse (1154.A - Generation 1)
D:\TRAN\HORSE2.COM  Infection: Horse (1160 - Generation 1)
D:\TRAN\HORSE2B2.COM  Infection: Horse (1160 - Generation 1)
D:\TRAN\HORSE4B.COM  Infection: Horse (1776 - Generation 1)
D:\TRAN\HORSE8.COM  Infection: Horse (2248 - Generation 1)
D:\TRAN\HORSE8B.COM  Infection: Horse (2248 - Generation 1)
D:\TRAN\HRS1154G.COM  Infection: Horse (1154.A - Generation 1)
D:\TRAN\HRS1160G.COM  Infection: Horse (1160 - Generation 1)
D:\TRAN\HRS1776G.COM  Infection: Horse (1776 - Generation 1)
D:\TRAN\HRS2248G.COM  Infection: Horse (2248 - Generation 1)
D:\TRAN\IGOR.COM  Infection: Npox (963 - Generation 1)
D:\TRAN\IRAQUI.COM  Infection: Vienna (Iraqui Warrior - Generation 1)
D:\TRAN\J-GP1-G1.EXE  Infection: Jerusalem (GP1 - Generation 1)
D:\TRAN\J-MUM12G.COM  Infection: Jerusalem (Mummy 1.2 - Generation 1)
D:\TRAN\J-SOLOG1.COM  Infection: Jerusalem (Solano-Dyslexia 2.01 - Generation 1)
D:\TRAN\J13-1201.COM  Infection: July 13th (1201 - Generation 1)
D:\TRAN\JD-158G1.COM  Infection: JD (158 - Generation 1)
D:\TRAN\JD_158B.COM  Infection: JD (158 - Generation 1)
D:\TRAN\JULY13.COM  Infection: July 13th (1201 - Generation 1)
D:\TRAN\JULY13B.COM  Infection: July 13th (1201 - Generation 1)
D:\TRAN\KAMASYA.COM  Infection: Murphy (Kamasya - Generation 1)
D:\TRAN\KUANG-II.COM  Infection: Vienna (Parasite 2B - Generation 1)
D:\TRAN\KUANG.COM  Infection: Vienna (Parasite 2B - Generation 1)
D:\TRAN\LESSONG1.COM  Infection: Lesson I (1 - Generation 1)
D:\TRAN\LISBON.COM  Infection: Vienna (Violator B3.C - Generation 1)
D:\TRAN\LISBON2.COM  Infection: Vienna (627.A - Generation 1)
D:\TRAN\M-AMILG1.COM  Infection: Murphy (Amilia - Generation 1)
D:\TRAN\M-ANTICG.COM  Infection: Murphy (AntiChrist - Generation 1)
D:\TRAN\M-CEM-G1.COM  Infection: Murphy (Cemetery - Generation 1)
D:\TRAN\M-D1778G.COM  Infection: Murphy (Delyrium.1778 - Generation 1)
D:\TRAN\M-DIA-G1.COM  Infection: Murphy (Diabolik - Generation 1)
D:\TRAN\M-ERA-G1.COM  Infection: Murphy (Erasmus - Generation 1)
D:\TRAN\M-FINGEG.COM  Infection: Murphy (Finger - Generation 1)
D:\TRAN\M-HIV-G1.COM  Infection: Murphy (HIV.A - Generation 1)
D:\TRAN\M-KAM-G1.COM  Infection: Murphy (Kamasya - Generation 1)
D:\TRAN\M-MIG-AG.COM  Infection: Murphy (Migram.A - Generation 1)
D:\TRAN\M-MIG-BG.COM  Infection: Murphy (Migram.B - Generation 1)
D:\TRAN\M-MURP4G.COM  Infection: Murphy (1480 - Generation 1)
D:\TRAN\M-S1835G.COM  Infection: Murphy (Smack.1835 - Generation 1)
D:\TRAN\M-S1841G.COM  Infection: Murphy (Smack.1841 - Generation 1)
D:\TRAN\M-SWAMIG.COM  Infection: Murphy (Swami - Generation 1)
D:\TRAN\M-TORMBG.COM  Infection: Murphy (Tormentor.B - Generation 1)
D:\TRAN\M-TORMDG.COM  Infection: Murphy (Tormentor.D - Generation 1)
D:\TRAN\MADE-G1.COM  Infection: Made (Generation 1)
D:\TRAN\MANOWAR.COM  Infection: Terror (Terror - Generation 1)
D:\TRAN\MEMORAL.COM  Infection: Vienna (Memo - Generation 1)
D:\TRAN\MIGRAM.COM  Infection: Murphy (Migram.A - Generation 1)
D:\TRAN\NENIGMA.COM  Infection: Old Yankee (Enigma - Generation 1)
D:\TRAN\NPOX1686.COM  Infection: Npox (1686 - Generation 1)
D:\TRAN\NPOX168G.COM  Infection: Npox (1686 - Generation 1)
D:\TRAN\NPOX1800.COM  Infection: Npox (1800 - Generation 1)
D:\TRAN\NPOX180G.COM  Infection: Npox (1800 - Generation 1)
D:\TRAN\NPOX609.COM  Infection: Npox (609 - Generation 1)
D:\TRAN\NPOX609G.COM  Infection: Npox (609 - Generation 1)
D:\TRAN\NPOX963.COM  Infection: Npox (963 - Generation 1)
D:\TRAN\NPOX963G.COM  Infection: Npox (963 - Generation 1)
D:\TRAN\NYMPHO10.COM  Infection: Nympho (Generation 1)
D:\TRAN\OUTLAND.COM  Infection: Dark Avenger (Oliver - Generation 1)
D:\TRAN\PARASITE.COM  Infection: Vienna (Parasite - Generation 1)
D:\TRAN\PCBB1273.COM  Infection: PCBB (1273 - Generation 1)
D:\TRAN\PEST.COM  Infection: Murphy (AntiChrist - Generation 1)
D:\TRAN\POX-1.COM  Infection: Npox (609 - Generation 1)
D:\TRAN\PRED2.COM  Infection: Predator (1148 - Generation 1)
D:\TRAN\PRIME-G1.COM  Infection: Prime (Generation 1)
D:\TRAN\PS!KO.COM  Infection: Dark Avenger (1803 - Generation 1)
D:\TRAN\PSARCV2G.COM  Infection: PS-MPC (ARCV.2.693 - Generation 1)
D:\TRAN\PSARCV7G.COM  Infection: PS-MPC (ARCV.7 - Generation 1)
D:\TRAN\PSBAM-01.COM  Infection: PS-MPC (Polder.A - Generation 1)
D:\TRAN\PSBAM-02.COM  Infection: PS-MPC (Polder.B - Generation 1)
D:\TRAN\PSBAM-03.COM  Infection: PS-MPC (Polder.C - Generation 1)
D:\TRAN\PSBAM-04.COM  Infection: PS-MPC (Polder.D - Generation 1)
D:\TRAN\PSBAM-05.COM  Infection: PS-MPC (Polder.E - Generation 1)
D:\TRAN\PSBAM-07.COM  Infection: PS-MPC (Polder.G - Generation 1)
D:\TRAN\PSBAM-08.COM  Infection: PS-MPC (Polder.H - Generation 1)
D:\TRAN\PSBAM-09.COM  Infection: PS-MPC (Polder.I - Generation 1)
D:\TRAN\PSDEMOXG.COM  Infection: PS-MPC (Demoexe - Generation 1)
D:\TRAN\PSDENNSG.COM  Infection: PS-MPC (Payraise.897 - Generation 1)
D:\TRAN\REDHAIR.COM  Infection: Dutch Tiny (117 - Generation 1)
D:\TRAN\REDX.COM  Infection: Ambulance (D - Generation 1)
D:\TRAN\SCREAMER.COM  Infection: Screaming Fist (I.711 - Generation 1)
D:\TRAN\SCREAMII.COM  Infection: Screaming Fist (II.838 - Generation 1)
D:\TRAN\SENT-1G1.EXE  Infection: Sentinel (1 - Generation 1)
D:\TRAN\SENT-5G1.COM  Infection: Sentinel (5 - Generation 1)
D:\TRAN\SF-2838G.COM  Infection: Screaming Fist (II.838 - Generation 1)
D:\TRAN\SF-I-G1.COM  Infection: Screaming Fist (I.711 - Generation 1)
D:\TRAN\SF-STRNG.COM  Infection: Screaming Fist (Stranger - Generation 1)
D:\TRAN\SK.COM  Infection: Tolbuhin (992 - Generation 1)
D:\TRAN\SK20H.COM  Infection: Tolbuhin (1004 - Generation 1)
D:\TRAN\SMALLEX@.COM  Infection: PS-MPC (349 - Generation 1)
D:\TRAN\SMALLVAR.COM  Infection: PS-MPC (Demoexe - Generation 1)
D:\TRAN\SVIR-G1.EXE  Infection: Svir (Generation 1)
D:\TRAN\TERR-TG1.COM  Infection: Terror (Terror - Generation 1)
D:\TRAN\TERROR-D.COM  Infection: Terror (Terror - Generation 1)
D:\TRAN\TERROR2.COM  Infection: Terror (Terror - Generation 1)
D:\TRAN\TESTVBG1.COM  Infection: Testvirus-B (A - Generation 1)
D:\TRAN\TIDI128B.COM  Infection: Tiny DI (128 - Generation 1)
D:\TRAN\TIMD306G.COM  Infection: Timid (306 - Generation 1)
D:\TRAN\TINY117.COM  Infection: Dutch Tiny (117 - Generation 1)
D:\TRAN\TINY177G.COM  Infection: Danish tiny (177 - Generation 1)
D:\TRAN\TINY251G.COM  Infection: Danish tiny (251 - Generation 1)
D:\TRAN\TINY310G.COM  Infection: Danish tiny (310 - Generation 1)
D:\TRAN\TINYB.COM  Infection: Danish tiny (177 - Generation 1)
D:\TRAN\TINYBRNG.COM  Infection: Danish tiny (Brenda - Generation 1)
D:\TRAN\TINYC.COM  Infection: Danish tiny (180 - Generation 1)
D:\TRAN\TINYD.COM  Infection: Danish tiny (251 - Generation 1)
D:\TRAN\TINYF.COM  Infection: Danish tiny (310 - Generation 1)
D:\TRAN\TINYFV11.COM  Infection: Danish tiny (310 - Generation 1)
D:\TRAN\TINYWILD.COM  Infection: Danish tiny (Wild Thing - Generation 1)
D:\TRAN\TOL0992G.COM  Infection: Tolbuhin (992 - Generation 1)
D:\TRAN\TOL1004G.COM  Infection: Tolbuhin (1004 - Generation 1)
D:\TRAN\TOL1147G.COM  Infection: Tolbuhin (1147 - Generation 1)
D:\TRAN\TOLCRKG1.COM  Infection: Tolbuhin (Cracky - Generation 1)
D:\TRAN\TPE611.COM  Infection: Trident (611 - Generation 1)
D:\TRAN\TPE90210.COM  Infection: Trident (90210 - Generation 1)
D:\TRAN\TRBK306G.COM  Infection: Traceback (3066 - Generation 1)
D:\TRAN\TSOTL.COM  Infection: Dy (Generation 1)
D:\TRAN\V-353-G1.COM  Infection: Vienna (353 - Generation 1)
D:\TRAN\V-353B.COM  Infection: Vienna (353 - Generation 1)
D:\TRAN\V-367-G1.COM  Infection: Vienna (367 - Generation 1)
D:\TRAN\V-367B.COM  Infection: Vienna (367 - Generation 1)
D:\TRAN\V-435-G1.COM  Infection: Vienna (435 - Generation 1)
D:\TRAN\V-435B.COM  Infection: Vienna (435 - Generation 1)
D:\TRAN\V-583A2.COM  Infection: Vienna (583.A - Generation 1)
D:\TRAN\V-583AG1.COM  Infection: Vienna (583.A - Generation 1)
D:\TRAN\V-627-G1.COM  Infection: Vienna (627.A - Generation 1)
D:\TRAN\V-627B.COM  Infection: Vienna (627.A - Generation 1)
D:\TRAN\V-719G1.COM  Infection: Vienna (719 - Generation 1)
D:\TRAN\V-BETAB2.COM  Infection: Vienna (Betaboys - Generation 1)
D:\TRAN\V-BETABG.COM  Infection: Vienna (Betaboys - Generation 1)
D:\TRAN\V-BNB-G1.COM  Infection: Vienna (BNB - Generation 1)
D:\TRAN\V-BNB2.COM  Infection: Vienna (BNB - Generation 1)
D:\TRAN\V-BUSH.COM  Infection: Vienna (Bush - Generation 1)
D:\TRAN\V-CHVIOB.COM  Infection: Vienna (Violator B4 - Generation 1)
D:\TRAN\V-FAGGOT.COM  Infection: Vienna (Faggot - Generation 1)
D:\TRAN\V-GRITH1.COM  Infection: Vienna (Grither - Generation 1)
D:\TRAN\V-GRITHB.COM  Infection: Vienna (Grither - Generation 1)
D:\TRAN\V-INTRC2.COM  Infection: Vienna (Interceptor - Generation 1)
D:\TRAN\V-IRAQI2.COM  Infection: Vienna (Iraqui Warrior - Generation 1)
D:\TRAN\V-IRAQUI.COM  Infection: Vienna (Iraqui Warrior - Generation 1)
D:\TRAN\V-MEMO2G.COM  Infection: Vienna (Memo - Generation 1)
D:\TRAN\V-PAR-G1.COM  Infection: Vienna (Parasite - Generation 1)
D:\TRAN\V-PAR2BG.COM  Infection: Vienna (Parasite 2B - Generation 1)
D:\TRAN\V-PARA_B.COM  Infection: Vienna (Parasite - Generation 1)
D:\TRAN\V-SMOB1B.COM  Infection: Vienna (Sicilian Mob 1a - Generation 1)
D:\TRAN\V-VAR1.COM  Infection: Vienna (Violator B3.C - Generation 1)
D:\TRAN\V-VENG2.COM  Infection: Vienna (Vengeance - Generation 1)
D:\TRAN\V-VENGEA.COM  Infection: Vienna (Vengeance - Generation 1)
D:\TRAN\V-VH348B.COM  Infection: Vienna (VHP.348 - Generation 1)
D:\TRAN\V-VHP348.COM  Infection: Vienna (VHP.348 - Generation 1)
D:\TRAN\V-VILAG1.COM  Infection: Vienna (Violator A - Generation 1)
D:\TRAN\V-VILB1G.COM  Infection: Vienna (Violator B1 - Generation 1)
D:\TRAN\V-VILB2G.COM  Infection: Vienna (Violator B2 - Generation 1)
D:\TRAN\V-VILB3C.COM  Infection: Vienna (Violator B3.C - Generation 1)
D:\TRAN\V-VILB3G.COM  Infection: Vienna (Violator B3 - Generation 1)
D:\TRAN\V-VILB4G.COM  Infection: Vienna (Violator B4 - Generation 1)
D:\TRAN\V-VIOB2B.COM  Infection: Vienna (Violator B2 - Generation 1)
D:\TRAN\V-VIOB3B.COM  Infection: Vienna (Violator B3 - Generation 1)
D:\TRAN\V-VIOBB.COM  Infection: Vienna (Violator B1 - Generation 1)
D:\TRAN\V-VIPER.COM  Infection: Vienna (Viperize - Generation 1)
D:\TRAN\V-VIPRZ2.COM  Infection: Vienna (Viperize - Generation 1)
D:\TRAN\V1024-A.COM  Infection: Diamond (1024.A - Generation 1)
D:\TRAN\V1024.COM  Infection: Diamond (1024.A - Generation 1)
D:\TRAN\V2PXCASG.COM  Infection: V2Px (Casper - Generation 1)
D:\TRAN\VCS101.COM  Infection: VCS (Standard - unknown? - Generation 1)
D:\TRAN\VCSVCSG1.COM  Infection: VCS (Standard - unknown? - Generation 1)
D:\TRAN\VCS_INF.COM  Infection: VCS (Standard.Config - Generation 1)
D:\TRAN\VENG.COM  Infection: Vienna (Vengeance - Generation 1)
D:\TRAN\VHP-348.COM  Infection: Vienna (VHP.348 - Generation 1)
D:\TRAN\VHP-353.COM  Infection: Vienna (353 - Generation 1)
D:\TRAN\VHP-367.COM  Infection: Vienna (367 - Generation 1)
D:\TRAN\VHP-435.COM  Infection: Vienna (435 - Generation 1)
D:\TRAN\VHP-627.COM  Infection: Vienna (627.A - Generation 1)
D:\TRAN\VIOL-B.COM  Infection: Vienna (Violator B1 - Generation 1)
D:\TRAN\VIOL-B2.COM  Infection: Vienna (Violator B2 - Generation 1)
D:\TRAN\VIOL-B3.COM  Infection: Vienna (Violator B3 - Generation 1)
D:\TRAN\VIOL-C.COM  Infection: Vienna (Violator B3.C - Generation 1)
D:\TRAN\VIOL.COM  Infection: Vienna (Violator B4 - Generation 1)
D:\TRAN\VIOLITE.COM  Infection: Vienna (Vio-Lite - Generation 1)
D:\TRAN\VIPERIZE.COM  Infection: Vienna (Viperize - Generation 1)
D:\TRAN\VIR106E1.COM  Infection: Virdem (1336.English - Generation 1)
D:\TRAN\VIRD106E.COM  Infection: Virdem (1336.English - Generation 1)
D:\TRAN\VIRDEM.COM  Infection: Virdem (1336.English - Generation 1)
D:\TRAN\VIRDKILL.COM  Infection: Virdem (1336.Killer.A - Generation 1)
D:\TRAN\VIRDLOCK.COM  Infection: Virdem (1336.Locked - Generation 1)
D:\TRAN\VIRDVAR1.COM  Infection: Virdem (1336.Locked - Generation 1)
D:\TRAN\VIRDWOND.COM  Infection: Virdem (1336.Killer.B - Generation 1)
D:\TRAN\VIRU090G.COM  Infection: Virus-90 (Virus-90 - Generation 1)
D:\TRAN\VIRU101M.COM  Infection: Virus-101 (Generation 1)
D:\TRAN\VIRUS-90.COM  Infection: Virus-90 (Virus-90 - Generation 1)
D:\TRAN\VIRUS.COM  Infection: VCS (Standard.Config - Generation 1)
D:\TRAN\VIRUS101.COM  Infection: Virus-101 (Generation 1)
D:\TRAN\VIRUS2.COM  Infection: Vienna (627.A - Generation 1)
D:\TRAN\VIRUS90B.COM  Infection: Virus-90 (Virus-90 - Generation 1)
D:\TRAN\X-1.COM  Infection: X-1 (570 - Generation 1)
D:\TRAN\Y-BANDT1.COM  Infection: Old Yankee (Bandit - Generation 1)
D:\TRAN\Y-BLKWZ2.COM  Infection: Old Yankee (Black Wizard - Generation 1)
D:\TRAN\Y-ENIGM2.COM  Infection: Old Yankee (Enigma - Generation 1)
D:\TRAN\Y-YANK1B.COM  Infection: Old Yankee (1 - Generation 1)
D:\TRAN\YANSHORT.COM  Infection: Old Yankee (1 - Generation 1)
D:\TRAN\YNK-BLKW.COM  Infection: Old Yankee (Black Wizard - Generation 1)
D:\TRAN\YNK-BNG1.COM  Infection: Old Yankee (Bandit - Generation 1)
D:\TRAN\YNK-ENIG.COM  Infection: Old Yankee (Enigma - Generation 1)
D:\TRAN\YNK-OLD1.COM  Infection: Old Yankee (1 - Generation 1)
D:\TRAN\Z-HUNT.COM  Infection: Zero Hunter (Generation 1)
D:\TRAN\ZEROHUG1.COM  Infection: Zero Hunter (Generation 1)
D:\TRAN\PSARCV8G.COM  Infection: PS-MPC (ARCV.8 - Generation 1)
D:\TRAN\PS574G.COM  Infection: PS-MPC (574 - Generation 1)
D:\TRAN\V-849G.COM  Infection: Vienna (849 - Generation 1)
D:\TRAN\TINY180G.COM  Infection: Danish tiny (180 - Generation 1)
D:\TRAN\PS-DEMEX.COM  Infection: PS-MPC (Demoexe - Generation 1)
D:\TRAN\CEMETARY.EXE  Infection: Murphy (Cemetery - Generation 1)
D:\TRAN\CEMETERY.EXE  Infection: Murphy (Cemetery - Generation 1)
D:\TRAN\CREEPER.EXE  Infection: Creeper (475 - Generation 1)
D:\TRAN\CRP475A.EXE  Infection: Creeper (475 - Generation 1)
D:\TRAN\DA-1800C.EXE  Infection: Dark Avenger (1800.A - Generation 1)
D:\TRAN\DA-1803B.EXE  Infection: Dark Avenger (1803 - Generation 1)
D:\TRAN\DA-MIR2.EXE  Infection: Dark Avenger (MIR - Generation 1)
D:\TRAN\DA-OLIVB.EXE  Infection: Dark Avenger (Oliver - Generation 1)
D:\TRAN\DARKLORD.EXE  Infection: Terror (Terror - Generation 1)
D:\TRAN\DEICIDE3.COM  Infection: Deicide II (358 - Generation 1)
D:\TRAN\DI-A2.EXE  Infection: Diamond (1024.A - Generation 1)
D:\TRAN\DI-B2.EXE  Infection: Diamond (1024.B - Generation 1)
D:\TRAN\DI-DAVDB.EXE  Infection: Diamond (David - Generation 1)
D:\TRAN\DI-DMGE2.EXE  Infection: Diamond (Damage.1063 - Generation 1)
D:\TRAN\DI-GREEM.EXE  Infection: Diamond (Greemlin - Generation 1)
D:\TRAN\DI-LUCI2.EXE  Infection: Diamond (Lucifer - Generation 1)
D:\TRAN\DI-ROCK2.EXE  Infection: Diamond (Rock Steady.A - Generation 1)
D:\TRAN\DIABOLIK.EXE  Infection: Murphy (Diabolik - Generation 1)
D:\TRAN\DIAMOND.EXE  Infection: Diamond (1024.B - Generation 1)
D:\TRAN\DT-117A.COM  Infection: Dutch Tiny (117 - Generation 1)
D:\TRAN\DT-310A.COM  Infection: Danish tiny (310 - Generation 1)
D:\TRAN\ENIGMA.EXE  Infection: Old Yankee (Enigma - Generation 1)
D:\TRAN\EU92421B.EXE  Infection: Europe '92 (421 - Generation 1)
D:\TRAN\GOTCHA4.EXE  Infection: Gotcha (607 - Generation 1)
D:\TRAN\GOTCHAA1.EXE  Infection: Gotcha (732 - Generation 1)
D:\TRAN\HIV.EXE  Infection: Murphy (HIV.A - Generation 1)
D:\TRAN\HO1154A2.EXE  Infection: Horse (1154.A - Generation 1)
D:\TRAN\HO1160A2.EXE  Infection: Horse (1160 - Generation 1)
D:\TRAN\HO1776A2.EXE  Infection: Horse (1776 - Generation 1)
D:\TRAN\HO2248A2.EXE  Infection: Horse (2248 - Generation 1)
D:\TRAN\JULY13B.EXE  Infection: July 13th (1201 - Generation 1)
D:\TRAN\LESSON1B.COM  Infection: Lesson I (1 - Generation 1)
D:\TRAN\M-AMIL_B.EXE  Infection: Murphy (Amilia - Generation 1)
D:\TRAN\M-ANTIC2.EXE  Infection: Murphy (AntiChrist - Generation 1)
D:\TRAN\M-CEMTR2.EXE  Infection: Murphy (Cemetery - Generation 1)
D:\TRAN\M-DIABL2.EXE  Infection: Murphy (Diabolik - Generation 1)
D:\TRAN\M-ERASM2.EXE  Infection: Murphy (Erasmus - Generation 1)
D:\TRAN\M-FINGER.EXE  Infection: Murphy (Finger - Generation 1)
D:\TRAN\M-HIV2.EXE  Infection: Murphy (HIV.A - Generation 1)
D:\TRAN\M-KMSYA2.EXE  Infection: Murphy (Kamasya - Generation 1)
D:\TRAN\M-MIGRA2.EXE  Infection: Murphy (Migram.A - Generation 1)
D:\TRAN\M-MIGRB2.EXE  Infection: Murphy (Migram.B - Generation 1)
D:\TRAN\M-MURP4B.EXE  Infection: Murphy (1480 - Generation 1)
D:\TRAN\M-SM1842.EXE  Infection: Murphy (Smack.1841 - Generation 1)
D:\TRAN\M-SWAMIB.EXE  Infection: Murphy (Swami - Generation 1)
D:\TRAN\M-TORMD2.EXE  Infection: Murphy (Tormentor.D - Generation 1)
D:\TRAN\MADE-B.COM  Infection: Made (Generation 1)
D:\TRAN\MPALIEN1.EXE  Infection: PS-MPC (Alien.571 - Generation 1)
D:\TRAN\MPALIEN3.EXE  Infection: PS-MPC (Alien.625 - Generation 1)
D:\TRAN\MPARCV2.EXE  Infection: PS-MPC (ARCV.2.693 - Generation 1)
D:\TRAN\MPARCV7B.EXE  Infection: PS-MPC (ARCV.7 - Generation 1)
D:\TRAN\MUAD'DIB.EXE  Infection: Cpxk (Generation 1)
D:\TRAN\NPOX1686.EXE  Infection: Npox (1686 - Generation 1)
D:\TRAN\NPOX1800.EXE  Infection: Npox (1800 - Generation 1)
D:\TRAN\NPOX609.EXE  Infection: Npox (609 - Generation 1)
D:\TRAN\NPOX963.EXE  Infection: Npox (963 - Generation 1)
D:\TRAN\PRIME-B.COM  Infection: Prime (Generation 1)
D:\TRAN\SF-IIA2.COM  Infection: Screaming Fist (II.838 - Generation 1)
D:\TRAN\SF-SCRM2.EXE  Infection: Screaming Fist (I.711 - Generation 1)
D:\TRAN\SMALLEX2.COM  Infection: PS-MPC (Demoexe - Generation 1)
D:\TRAN\SMALLEXE.COM  Infection: PS-MPC (349 - Generation 1)
D:\TRAN\SMOB1A.COM  Infection: Vienna (Sicilian Mob 1a - Generation 1)
D:\TRAN\T-DI128B.COM  Infection: Tiny DI (128 - Generation 1)
D:\TRAN\TERROR-D.EXE  Infection: Terror (Terror - Generation 1)
D:\TRAN\TERROR2.EXE  Infection: Terror (Terror - Generation 1)
D:\TRAN\TOL0992A.COM  Infection: Tolbuhin (992 - Generation 1)
D:\TRAN\TOL1004B.COM  Infection: Tolbuhin (1004 - Generation 1)
D:\TRAN\TOL1147A.COM  Infection: Tolbuhin (1147 - Generation 1)
D:\TRAN\V-719A.COM  Infection: Vienna (719 - Generation 1)
D:\TRAN\V-MEM20B.COM  Infection: Vienna (Memo - Generation 1)
D:\TRAN\V-PARA1B.COM  Infection: Vienna (Parasite - Generation 1)
D:\TRAN\V-VIOB1B.COM  Infection: Vienna (Violator B1 - Generation 1)
D:\TRAN\V-VIOB3D.COM  Infection: Vienna (Violator B3.C - Generation 1)
D:\TRAN\V-VIOB4B.COM  Infection: Vienna (Violator B4 - Generation 1)
D:\TRAN\VIRUS90B.EXE  Infection: Virus-90 (Virus-90 - Generation 1)
D:\TRAN\V_LES1.COM  Infection: Lesson I (1 - Generation 1)
D:\TRAN\Y-BANDT1.EXE  Infection: Old Yankee (Bandit - Generation 1)
D:\TRAN\Y-BLKWZ2.EXE  Infection: Old Yankee (Black Wizard - Generation 1)
D:\TRAN\Y-ENIGM2.EXE  Infection: Old Yankee (Enigma - Generation 1)
D:\TRAN\Y-YANK1B.EXE  Infection: Old Yankee (1 - Generation 1)
D:\TRAN\YANSHORT.EXE  Infection: Old Yankee (1 - Generation 1)

Results of virus scanning:

Files: 439  (912 KB)
Scanned: 439  (912 KB)
Infected: 438
Suspicious: 0
Disinfected: 0
Deleted: 0
Renamed: 0

MBR's: 2
DOS boot sectors: 1
Infected: 0
Suspicious: 0
Disinfected: 0

Time: 0:20
